Archive member included because of file (symbol)

c:/software/altera/10.1/nios2eds/bin/gnu/h-i686-mingw32/bin/../lib/gcc/nios2-elf/4.1.2/../../../../nios2-elf/lib/mno-hw-mul\libm.a(lib_a-s_ceil.o)
                              obj/main.o (ceil)
c:/software/altera/10.1/nios2eds/bin/gnu/h-i686-mingw32/bin/../lib/gcc/nios2-elf/4.1.2/../../../../nios2-elf/lib/mno-hw-mul\libm.a(lib_a-s_floor.o)
                              obj/main.o (floor)
c:/software/altera/10.1/nios2eds/bin/gnu/h-i686-mingw32/bin/../lib/gcc/nios2-elf/4.1.2/mno-hw-mul\libgcc.a(_fixunsdfsi.o)
                              obj/main.o (__fixunsdfsi)
c:/software/altera/10.1/nios2eds/bin/gnu/h-i686-mingw32/bin/../lib/gcc/nios2-elf/4.1.2/mno-hw-mul\libgcc.a(_addsub_df.o)
                              c:/software/altera/10.1/nios2eds/bin/gnu/h-i686-mingw32/bin/../lib/gcc/nios2-elf/4.1.2/mno-hw-mul\libgcc.a(_fixunsdfsi.o) (__subdf3)
c:/software/altera/10.1/nios2eds/bin/gnu/h-i686-mingw32/bin/../lib/gcc/nios2-elf/4.1.2/mno-hw-mul\libgcc.a(_gt_df.o)
                              c:/software/altera/10.1/nios2eds/bin/gnu/h-i686-mingw32/bin/../lib/gcc/nios2-elf/4.1.2/../../../../nios2-elf/lib/mno-hw-mul\libm.a(lib_a-s_ceil.o) (__gtdf2)
c:/software/altera/10.1/nios2eds/bin/gnu/h-i686-mingw32/bin/../lib/gcc/nios2-elf/4.1.2/mno-hw-mul\libgcc.a(_ge_df.o)
                              c:/software/altera/10.1/nios2eds/bin/gnu/h-i686-mingw32/bin/../lib/gcc/nios2-elf/4.1.2/mno-hw-mul\libgcc.a(_fixunsdfsi.o) (__gedf2)
c:/software/altera/10.1/nios2eds/bin/gnu/h-i686-mingw32/bin/../lib/gcc/nios2-elf/4.1.2/mno-hw-mul\libgcc.a(_si_to_df.o)
                              obj/main.o (__floatsidf)
c:/software/altera/10.1/nios2eds/bin/gnu/h-i686-mingw32/bin/../lib/gcc/nios2-elf/4.1.2/mno-hw-mul\libgcc.a(_df_to_si.o)
                              obj/main.o (__fixdfsi)
c:/software/altera/10.1/nios2eds/bin/gnu/h-i686-mingw32/bin/../lib/gcc/nios2-elf/4.1.2/mno-hw-mul\libgcc.a(_thenan_df.o)
                              c:/software/altera/10.1/nios2eds/bin/gnu/h-i686-mingw32/bin/../lib/gcc/nios2-elf/4.1.2/mno-hw-mul\libgcc.a(_addsub_df.o) (__thenan_df)
c:/software/altera/10.1/nios2eds/bin/gnu/h-i686-mingw32/bin/../lib/gcc/nios2-elf/4.1.2/mno-hw-mul\libgcc.a(_usi_to_df.o)
                              obj/main.o (__floatunsidf)
c:/software/altera/10.1/nios2eds/bin/gnu/h-i686-mingw32/bin/../lib/gcc/nios2-elf/4.1.2/mno-hw-mul\libgcc.a(lib2-divmod.o)
                              obj/main.o (__divsi3)
c:/software/altera/10.1/nios2eds/bin/gnu/h-i686-mingw32/bin/../lib/gcc/nios2-elf/4.1.2/mno-hw-mul\libgcc.a(lib2-divtable.o)
                              obj/main.o (__divsi3_table)
c:/software/altera/10.1/nios2eds/bin/gnu/h-i686-mingw32/bin/../lib/gcc/nios2-elf/4.1.2/mno-hw-mul\libgcc.a(lib2-mul.o)
                              obj/main.o (__mulsi3)
c:/software/altera/10.1/nios2eds/bin/gnu/h-i686-mingw32/bin/../lib/gcc/nios2-elf/4.1.2/mno-hw-mul\libgcc.a(_clzsi2.o)
                              c:/software/altera/10.1/nios2eds/bin/gnu/h-i686-mingw32/bin/../lib/gcc/nios2-elf/4.1.2/mno-hw-mul\libgcc.a(_si_to_df.o) (__clzsi2)
c:/software/altera/10.1/nios2eds/bin/gnu/h-i686-mingw32/bin/../lib/gcc/nios2-elf/4.1.2/mno-hw-mul\libgcc.a(_pack_df.o)
                              c:/software/altera/10.1/nios2eds/bin/gnu/h-i686-mingw32/bin/../lib/gcc/nios2-elf/4.1.2/mno-hw-mul\libgcc.a(_addsub_df.o) (__pack_d)
c:/software/altera/10.1/nios2eds/bin/gnu/h-i686-mingw32/bin/../lib/gcc/nios2-elf/4.1.2/mno-hw-mul\libgcc.a(_unpack_df.o)
                              c:/software/altera/10.1/nios2eds/bin/gnu/h-i686-mingw32/bin/../lib/gcc/nios2-elf/4.1.2/mno-hw-mul\libgcc.a(_addsub_df.o) (__unpack_d)
c:/software/altera/10.1/nios2eds/bin/gnu/h-i686-mingw32/bin/../lib/gcc/nios2-elf/4.1.2/mno-hw-mul\libgcc.a(_fpcmp_parts_df.o)
                              c:/software/altera/10.1/nios2eds/bin/gnu/h-i686-mingw32/bin/../lib/gcc/nios2-elf/4.1.2/mno-hw-mul\libgcc.a(_gt_df.o) (__fpcmp_parts_d)
c:/software/altera/10.1/nios2eds/bin/gnu/h-i686-mingw32/bin/../lib/gcc/nios2-elf/4.1.2/mno-hw-mul\libgcc.a(_clz.o)
                              c:/software/altera/10.1/nios2eds/bin/gnu/h-i686-mingw32/bin/../lib/gcc/nios2-elf/4.1.2/mno-hw-mul\libgcc.a(_clzsi2.o) (__clz_tab)
c:/software/altera/10.1/nios2eds/bin/gnu/h-i686-mingw32/bin/../lib/gcc/nios2-elf/4.1.2/../../../../nios2-elf/lib/mno-hw-mul\libc.a(lib_a-memset.o)
                              obj/main.o (memset)
c:/software/altera/10.1/nios2eds/bin/gnu/h-i686-mingw32/bin/../lib/gcc/nios2-elf/4.1.2/../../../../nios2-elf/lib/mno-hw-mul\libc.a(lib_a-printf.o)
                              obj/main.o (printf)
c:/software/altera/10.1/nios2eds/bin/gnu/h-i686-mingw32/bin/../lib/gcc/nios2-elf/4.1.2/../../../../nios2-elf/lib/mno-hw-mul\libc.a(lib_a-puts.o)
                              obj/main.o (puts)
[...]
Memory Configuration

Name             Origin             Length             Attributes
reset            0x00800000         0x00000020
sdram_0          0x00800020         0x007fffe0
*default*        0x00000000         0xffffffff

Linker script and memory map

LOAD ../224Lab2230pm_bsp/obj/HAL/src/crt0.o
LOAD obj/LCD.o
LOAD obj/Open_I2C.o
LOAD obj/main.o
LOAD obj/wm8731.o
LOAD c:/software/altera/10.1/nios2eds/bin/gnu/h-i686-mingw32/bin/../lib/gcc/nios2-elf/4.1.2/../../../../nios2-elf/lib/mno-hw-mul\libstdc++.a
LOAD c:/software/altera/10.1/nios2eds/bin/gnu/h-i686-mingw32/bin/../lib/gcc/nios2-elf/4.1.2/../../../../nios2-elf/lib/mno-hw-mul\libm.a
LOAD c:/software/altera/10.1/nios2eds/bin/gnu/h-i686-mingw32/bin/../lib/gcc/nios2-elf/4.1.2/mno-hw-mul\libgcc.a
START GROUP
LOAD c:/software/altera/10.1/nios2eds/bin/gnu/h-i686-mingw32/bin/../lib/gcc/nios2-elf/4.1.2/../../../../nios2-elf/lib/mno-hw-mul\libc.a
LOAD c:/software/altera/10.1/nios2eds/bin/gnu/h-i686-mingw32/bin/../lib/gcc/nios2-elf/4.1.2/mno-hw-mul\libgcc.a
LOAD ../224Lab2230pm_bsp\libhal_bsp.a
END GROUP
LOAD c:/software/altera/10.1/nios2eds/bin/gnu/h-i686-mingw32/bin/../lib/gcc/nios2-elf/4.1.2/mno-hw-mul\libgcc.a
                0x00800000                __alt_mem_sdram_0 = 0x800000

.entry          0x00800000       0x20
 *(.entry)
 .entry         0x00800000       0x20 ../224Lab2230pm_bsp/obj/HAL/src/crt0.o
                0x00800000                __reset

.exceptions     0x00800020      0x164
                0x00800020                PROVIDE (__ram_exceptions_start, ABSOLUTE (.))
                0x00800020                . = ALIGN (0x20)
 *(.irq)
 *(.exceptions.entry.label)
 .exceptions.entry.label
                0x00800020        0x0 ../224Lab2230pm_bsp\libhal_bsp.a(alt_irq_entry.o)
                0x00800020                alt_irq_entry
 .exceptions.entry.label
                0x00800020        0x0 ../224Lab2230pm_bsp\libhal_bsp.a(alt_exception_entry.o)
                0x00800020                alt_exception
 *(.exceptions.entry.user)
 *(.exceptions.entry)
 .exceptions.entry
                0x00800020       0x54 ../224Lab2230pm_bsp\libhal_bsp.a(alt_exception_entry.o)
 *(.exceptions.irqtest.user)
 *(.exceptions.irqtest)
 .exceptions.irqtest
                0x00800074       0x10 ../224Lab2230pm_bsp\libhal_bsp.a(alt_irq_entry.o)
 *(.exceptions.irqhandler.user)
 *(.exceptions.irqhandler)
 .exceptions.irqhandler
                0x00800084        0x4 ../224Lab2230pm_bsp\libhal_bsp.a(alt_irq_entry.o)
 *(.exceptions.irqreturn.user)
 *(.exceptions.irqreturn)
 .exceptions.irqreturn
                0x00800088        0x4 ../224Lab2230pm_bsp\libhal_bsp.a(alt_irq_entry.o)
 *(.exceptions.notirq.label)
 .exceptions.notirq.label
                0x0080008c        0x0 ../224Lab2230pm_bsp\libhal_bsp.a(alt_irq_entry.o)
 *(.exceptions.notirq.user)
 *(.exceptions.notirq)
 .exceptions.notirq
                0x0080008c        0x8 ../224Lab2230pm_bsp\libhal_bsp.a(alt_exception_entry.o)
 *(.exceptions.soft.user)
 *(.exceptions.soft)
 *(.exceptions.unknown.user)
 *(.exceptions.unknown)
 .exceptions.unknown
                0x00800094        0x4 ../224Lab2230pm_bsp\libhal_bsp.a(alt_exception_entry.o)
 *(.exceptions.exit.label)
 .exceptions.exit.label
                0x00800098        0x0 ../224Lab2230pm_bsp\libhal_bsp.a(alt_irq_entry.o)
 .exceptions.exit.label
                0x00800098        0x0 ../224Lab2230pm_bsp\libhal_bsp.a(alt_exception_entry.o)
 *(.exceptions.exit.user)
 *(.exceptions.exit)
 .exceptions.exit
                0x00800098       0x54 ../224Lab2230pm_bsp\libhal_bsp.a(alt_exception_entry.o)
 *(.exceptions)
 .exceptions    0x008000ec       0x98 ../224Lab2230pm_bsp\libhal_bsp.a(alt_irq_handler.o)
                0x008000ec                alt_irq_handler
                0x00800184                PROVIDE (__ram_exceptions_end, ABSOLUTE (.))
                0x00800020                PROVIDE (__flash_exceptions_start, LOADADDR (.exceptions))

.text           0x00800184     0xfbb0
                0x00800184                PROVIDE (stext, ABSOLUTE (.))
 *(.interp)
 *(.hash)
 *(.dynsym)
 *(.dynstr)
 *(.gnu.version)
 *(.gnu.version_d)
 *(.gnu.version_r)
 *(.rel.init)
 *(.rela.init)
 *(.rel.text .rel.text.* .rel.gnu.linkonce.t.*)
 *(.rela.text .rela.text.* .rela.gnu.linkonce.t.*)
 *(.rel.fini)
 *(.rela.fini)
 *(.rel.rodata .rel.rodata.* .rel.gnu.linkonce.r.*)
 *(.rela.rodata .rela.rodata.* .rela.gnu.linkonce.r.*)
 *(.rel.data .rel.data.* .rel.gnu.linkonce.d.*)
 *(.rela.data .rela.data.* .rela.gnu.linkonce.d.*)
 *(.rel.tdata .rel.tdata.* .rel.gnu.linkonce.td.*)
 *(.rela.tdata .rela.tdata.* .rela.gnu.linkonce.td.*)
 *(.rel.tbss .rel.tbss.* .rel.gnu.linkonce.tb.*)
 *(.rela.tbss .rela.tbss.* .rela.gnu.linkonce.tb.*)
 *(.rel.ctors)
 *(.rela.ctors)
 *(.rel.dtors)
 *(.rela.dtors)
 *(.rel.got)
 *(.rela.got)
 *(.rel.sdata .rel.sdata.* .rel.gnu.linkonce.s.*)
 *(.rela.sdata .rela.sdata.* .rela.gnu.linkonce.s.*)
 *(.rel.sbss .rel.sbss.* .rel.gnu.linkonce.sb.*)
 *(.rela.sbss .rela.sbss.* .rela.gnu.linkonce.sb.*)
 *(.rel.sdata2 .rel.sdata2.* .rel.gnu.linkonce.s2.*)
 *(.rela.sdata2 .rela.sdata2.* .rela.gnu.linkonce.s2.*)
 *(.rel.sbss2 .rel.sbss2.* .rel.gnu.linkonce.sb2.*)
 *(.rela.sbss2 .rela.sbss2.* .rela.gnu.linkonce.sb2.*)
 *(.rel.bss .rel.bss.* .rel.gnu.linkonce.b.*)
 *(.rela.bss .rela.bss.* .rela.gnu.linkonce.b.*)
 *(.rel.plt)
 *(.rela.plt)
 *(.rel.dyn)
 *(.init)
 *(.plt)
 *(.text .stub .text.* .gnu.linkonce.t.*)
 .text          0x00800184       0x3c ../224Lab2230pm_bsp/obj/HAL/src/crt0.o
                0x00800184                _start
 .text          0x008001c0      0x53c obj/LCD.o
                0x008001c0                LCD_Line2
                0x008001d8                LCD_Init
                0x00800254                LCD_Show_Text
                0x008002b8                LCD_Test
                0x008003bc                LCD_File_Buffering
                0x008004f8                LCD_Display
 .text          0x008006fc      0x168 obj/Open_I2C.o
                0x008006fc                I2C_Read_CMD
                0x00800710                I2C_Read_Status
                0x00800724                I2C_Read_RX
                0x00800738                I2C_Read_Ctrl
                0x0080074c                I2C_Read_Period
                0x00800778                I2C_Write_CMD
                0x0080078c                I2C_Write_TX
                0x008007a0                I2C_Write_Ctrl
                0x008007b4                I2C_Write_Period
                0x008007d4                I2C_Send
                0x00800838                I2C_Init
 .text          0x00800864     0x2b50 obj/main.o
                0x00800864                FirstSectorofCluster
                0x00800894                isEOF
                0x008008d0                send_cmd
                0x008009e8                Ncc
                0x00800a38                Ncr
                0x00800a64                response_R
                0x00800c60                info_bs
                0x00800df4                SD_read_lba
                0x0080106c                get_rel_sector
                0x00801210                search_for_filetype
                0x008017d0                CalcFATSecAndOffset
                0x008019dc                build_cluster_chain
                0x00801abc                playhalf
                0x00801d24                playdouble
                0x00801f4c                playdelay
                0x008022c0                playreverse
                0x00802528                playnormal
                0x00802738                init_bs
                0x00802c60                init_mbr
                0x00802d68                SD_card_init
                0x00803204                main
 .text          0x008033b4      0x160 obj/wm8731.o
                0x008033b4                init_audio_codec
 .text          0x00803514      0x214 c:/software/altera/10.1/nios2eds/bin/gnu/h-i686-mingw32/bin/../lib/gcc/nios2-elf/4.1.2/../../../../nios2-elf/lib/mno-hw-mul\libm.a(lib_a-s_ceil.o)
                0x00803514                ceil
 .text          0x00803728      0x224 c:/software/altera/10.1/nios2eds/bin/gnu/h-i686-mingw32/bin/../lib/gcc/nios2-elf/4.1.2/../../../../nios2-elf/lib/mno-hw-mul\libm.a(lib_a-s_floor.o)
                0x00803728                floor
 .text          0x0080394c       0xa4 c:/software/altera/10.1/nios2eds/bin/gnu/h-i686-mingw32/bin/../lib/gcc/nios2-elf/4.1.2/mno-hw-mul\libgcc.a(_fixunsdfsi.o)
                0x0080394c                __fixunsdfsi
 .text          0x008039f0      0x504 c:/software/altera/10.1/nios2eds/bin/gnu/h-i686-mingw32/bin/../lib/gcc/nios2-elf/4.1.2/mno-hw-mul\libgcc.a(_addsub_df.o)
                0x00803e00                __subdf3
                0x00803e80                __adddf3
 .text          0x00803ef4       0x88 c:/software/altera/10.1/nios2eds/bin/gnu/h-i686-mingw32/bin/../lib/gcc/nios2-elf/4.1.2/mno-hw-mul\libgcc.a(_gt_df.o)
                0x00803ef4                __gtdf2
 .text          0x00803f7c       0x88 c:/software/altera/10.1/nios2eds/bin/gnu/h-i686-mingw32/bin/../lib/gcc/nios2-elf/4.1.2/mno-hw-mul\libgcc.a(_ge_df.o)
                0x00803f7c                __gedf2
 .text          0x00804004       0xf8 c:/software/altera/10.1/nios2eds/bin/gnu/h-i686-mingw32/bin/../lib/gcc/nios2-elf/4.1.2/mno-hw-mul\libgcc.a(_si_to_df.o)
                0x00804004                __floatsidf
 .text          0x008040fc       0xd8 c:/software/altera/10.1/nios2eds/bin/gnu/h-i686-mingw32/bin/../lib/gcc/nios2-elf/4.1.2/mno-hw-mul\libgcc.a(_df_to_si.o)
                0x008040fc                __fixdfsi
 .text          0x008041d4        0x0 c:/software/altera/10.1/nios2eds/bin/gnu/h-i686-mingw32/bin/../lib/gcc/nios2-elf/4.1.2/mno-hw-mul\libgcc.a(_thenan_df.o)
 .text          0x008041d4      0x194 c:/software/altera/10.1/nios2eds/bin/gnu/h-i686-mingw32/bin/../lib/gcc/nios2-elf/4.1.2/mno-hw-mul\libgcc.a(_usi_to_df.o)
                0x008041d4                __floatunsidf
 .text          0x00804368      0x14c c:/software/altera/10.1/nios2eds/bin/gnu/h-i686-mingw32/bin/../lib/gcc/nios2-elf/4.1.2/mno-hw-mul\libgcc.a(lib2-divmod.o)
                0x008043e4                __divsi3
                0x00804444                __modsi3
                0x008044a4                __udivsi3
                0x008044ac                __umodsi3
 .text          0x008044b4        0x0 c:/software/altera/10.1/nios2eds/bin/gnu/h-i686-mingw32/bin/../lib/gcc/nios2-elf/4.1.2/mno-hw-mul\libgcc.a(lib2-divtable.o)
 .text          0x008044b4       0x38 c:/software/altera/10.1/nios2eds/bin/gnu/h-i686-mingw32/bin/../lib/gcc/nios2-elf/4.1.2/mno-hw-mul\libgcc.a(lib2-mul.o)
                0x008044b4                __mulsi3
 .text          0x008044ec       0x80 c:/software/altera/10.1/nios2eds/bin/gnu/h-i686-mingw32/bin/../lib/gcc/nios2-elf/4.1.2/mno-hw-mul\libgcc.a(_clzsi2.o)
                0x008044ec                __clzsi2
 .text          0x0080456c      0x314 c:/software/altera/10.1/nios2eds/bin/gnu/h-i686-mingw32/bin/../lib/gcc/nios2-elf/4.1.2/mno-hw-mul\libgcc.a(_pack_df.o)
                0x0080456c                __pack_d
 .text          0x00804880      0x138 c:/software/altera/10.1/nios2eds/bin/gnu/h-i686-mingw32/bin/../lib/gcc/nios2-elf/4.1.2/mno-hw-mul\libgcc.a(_unpack_df.o)
                0x00804880                __unpack_d
 .text          0x008049b8       0xc8 c:/software/altera/10.1/nios2eds/bin/gnu/h-i686-mingw32/bin/../lib/gcc/nios2-elf/4.1.2/mno-hw-mul\libgcc.a(_fpcmp_parts_df.o)
                0x008049b8                __fpcmp_parts_d
 .text          0x00804a80        0x0 c:/software/altera/10.1/nios2eds/bin/gnu/h-i686-mingw32/bin/../lib/gcc/nios2-elf/4.1.2/mno-hw-mul\libgcc.a(_clz.o)
 .text          0x00804a80       0x98 c:/software/altera/10.1/nios2eds/bin/gnu/h-i686-mingw32/bin/../lib/gcc/nios2-elf/4.1.2/../../../../nios2-elf/lib/mno-hw-mul\libc.a(lib_a-memset.o)
                0x00804a80                memset
 .text          0x00804b18       0x78 c:/software/altera/10.1/nios2eds/bin/gnu/h-i686-mingw32/bin/../lib/gcc/nios2-elf/4.1.2/../../../../nios2-elf/lib/mno-hw-mul\libc.a(lib_a-printf.o)
                0x00804b18                printf
                0x00804b5c                _printf_r
 .text          0x00804b90       0xb4 c:/software/altera/10.1/nios2eds/bin/gnu/h-i686-mingw32/bin/../lib/gcc/nios2-elf/4.1.2/../../../../nios2-elf/lib/mno-hw-mul\libc.a(lib_a-puts.o)
                0x00804b90                _puts_r
                0x00804c30                puts
 .text          0x00804c44       0xbc c:/software/altera/10.1/nios2eds/bin/gnu/h-i686-mingw32/bin/../lib/gcc/nios2-elf/4.1.2/../../../../nios2-elf/lib/mno-hw-mul\libc.a(lib_a-strcmp.o)
                0x00804c44                strcmp
 .text          0x00804d00       0x8c c:/software/altera/10.1/nios2eds/bin/gnu/h-i686-mingw32/bin/../lib/gcc/nios2-elf/4.1.2/../../../../nios2-elf/lib/mno-hw-mul\libc.a(lib_a-strcpy.o)
                0x00804d00                strcpy
 .text          0x00804d8c       0x74 c:/software/altera/10.1/nios2eds/bin/gnu/h-i686-mingw32/bin/../lib/gcc/nios2-elf/4.1.2/../../../../nios2-elf/lib/mno-hw-mul\libc.a(lib_a-strlen.o)
                0x00804d8c                strlen
 .text          0x00804e00     0x1f40 c:/software/altera/10.1/nios2eds/bin/gnu/h-i686-mingw32/bin/../lib/gcc/nios2-elf/4.1.2/../../../../nios2-elf/lib/mno-hw-mul\libc.a(lib_a-vfprintf.o)
                0x00804e58                ___vfprintf_internal_r
                0x00806d1c                __vfprintf_internal
 .text          0x00806d40      0x13c c:/software/altera/10.1/nios2eds/bin/gnu/h-i686-mingw32/bin/../lib/gcc/nios2-elf/4.1.2/../../../../nios2-elf/lib/mno-hw-mul\libc.a(lib_a-wsetup.o)
                0x00806d40                __swsetup_r
 .text          0x00806e7c     0x17f8 c:/software/altera/10.1/nios2eds/bin/gnu/h-i686-mingw32/bin/../lib/gcc/nios2-elf/4.1.2/../../../../nios2-elf/lib/mno-hw-mul\libc.a(lib_a-dtoa.o)
                0x008070c0                _dtoa_r
 .text          0x00808674      0x230 c:/software/altera/10.1/nios2eds/bin/gnu/h-i686-mingw32/bin/../lib/gcc/nios2-elf/4.1.2/../../../../nios2-elf/lib/mno-hw-mul\libc.a(lib_a-fflush.o)
                0x00808674                _fflush_r
                0x00808870                fflush
 .text          0x008088a4      0x2f4 c:/software/altera/10.1/nios2eds/bin/gnu/h-i686-mingw32/bin/../lib/gcc/nios2-elf/4.1.2/../../../../nios2-elf/lib/mno-hw-mul\libc.a(lib_a-findfp.o)
                0x008088fc                __sfp_lock_acquire
                0x00808900                __sfp_lock_release
                0x00808904                __sinit_lock_acquire
                0x00808908                __sinit_lock_release
                0x0080890c                __sinit
                0x008089c0                __fp_unlock_all
                0x008089d8                __fp_lock_all
                0x008089f0                _cleanup_r
                0x008089fc                _cleanup
                0x00808a0c                __sfmoreglue
                0x00808aa8                __sfp
 .text          0x00808b98      0x440 c:/software/altera/10.1/nios2eds/bin/gnu/h-i686-mingw32/bin/../lib/gcc/nios2-elf/4.1.2/../../../../nios2-elf/lib/mno-hw-mul\libc.a(lib_a-freer.o)
                0x00808b98                _malloc_trim_r
                0x00808cc4                _free_r
 .text          0x00808fd8      0x49c c:/software/altera/10.1/nios2eds/bin/gnu/h-i686-mingw32/bin/../lib/gcc/nios2-elf/4.1.2/../../../../nios2-elf/lib/mno-hw-mul\libc.a(lib_a-fvwrite.o)
                0x00808fd8                __sfvwrite_r
 .text          0x00809474      0x180 c:/software/altera/10.1/nios2eds/bin/gnu/h-i686-mingw32/bin/../lib/gcc/nios2-elf/4.1.2/../../../../nios2-elf/lib/mno-hw-mul\libc.a(lib_a-fwalk.o)
                0x00809474                _fwalk_reent
                0x0080953c                _fwalk
 .text          0x008095f4        0x0 c:/software/altera/10.1/nios2eds/bin/gnu/h-i686-mingw32/bin/../lib/gcc/nios2-elf/4.1.2/../../../../nios2-elf/lib/mno-hw-mul\libc.a(lib_a-impure.o)
 .text          0x008095f4       0xc4 c:/software/altera/10.1/nios2eds/bin/gnu/h-i686-mingw32/bin/../lib/gcc/nios2-elf/4.1.2/../../../../nios2-elf/lib/mno-hw-mul\libc.a(lib_a-locale.o)
                0x008095f4                __locale_charset
                0x008095fc                _localeconv_r
                0x00809608                localeconv
                0x00809618                _setlocale_r
                0x0080969c                setlocale
 .text          0x008096b8      0x194 c:/software/altera/10.1/nios2eds/bin/gnu/h-i686-mingw32/bin/../lib/gcc/nios2-elf/4.1.2/../../../../nios2-elf/lib/mno-hw-mul\libc.a(lib_a-makebuf.o)
                0x008096b8                __smakebuf_r
 .text          0x0080984c      0x740 c:/software/altera/10.1/nios2eds/bin/gnu/h-i686-mingw32/bin/../lib/gcc/nios2-elf/4.1.2/../../../../nios2-elf/lib/mno-hw-mul\libc.a(lib_a-mallocr.o)
                0x0080984c                _malloc_r
 .text          0x00809f8c       0xe4 c:/software/altera/10.1/nios2eds/bin/gnu/h-i686-mingw32/bin/../lib/gcc/nios2-elf/4.1.2/../../../../nios2-elf/lib/mno-hw-mul\libc.a(lib_a-memchr.o)
                0x00809f8c                memchr
 .text          0x0080a070       0xa0 c:/software/altera/10.1/nios2eds/bin/gnu/h-i686-mingw32/bin/../lib/gcc/nios2-elf/4.1.2/../../../../nios2-elf/lib/mno-hw-mul\libc.a(lib_a-memcpy.o)
                0x0080a070                memcpy
 .text          0x0080a110       0xe0 c:/software/altera/10.1/nios2eds/bin/gnu/h-i686-mingw32/bin/../lib/gcc/nios2-elf/4.1.2/../../../../nios2-elf/lib/mno-hw-mul\libc.a(lib_a-memmove.o)
                0x0080a110                memmove
 .text          0x0080a1f0     0x108c c:/software/altera/10.1/nios2eds/bin/gnu/h-i686-mingw32/bin/../lib/gcc/nios2-elf/4.1.2/../../../../nios2-elf/lib/mno-hw-mul\libc.a(lib_a-mprec.o)
                0x0080a1f0                _Bfree
                0x0080a218                __hi0bits
                0x0080a288                __lo0bits
                0x0080a34c                __mcmp
                0x0080a3ac                __ulp
                0x0080a42c                __b2d
                0x0080a54c                __ratio
                0x0080a5fc                _mprec_log10
                0x0080a690                __copybits
                0x0080a6e8                __any_on
                0x0080a770                _Balloc
                0x0080a82c                __d2b
                0x0080a9a8                __mdiff
                0x0080ab34                __lshift
                0x0080ac80                __multiply
                0x0080aed4                __i2b
                0x0080af10                __multadd
                0x0080b03c                __pow5mult
                0x0080b15c                __s2b
 .text          0x0080b27c      0x5f4 c:/software/altera/10.1/nios2eds/bin/gnu/h-i686-mingw32/bin/../lib/gcc/nios2-elf/4.1.2/../../../../nios2-elf/lib/mno-hw-mul\libc.a(lib_a-reallocr.o)
                0x0080b27c                _realloc_r
 .text          0x0080b870       0x40 c:/software/altera/10.1/nios2eds/bin/gnu/h-i686-mingw32/bin/../lib/gcc/nios2-elf/4.1.2/../../../../nios2-elf/lib/mno-hw-mul\libc.a(lib_a-s_isinfd.o)
                0x0080b870                __isinfd
 .text          0x0080b8b0       0x30 c:/software/altera/10.1/nios2eds/bin/gnu/h-i686-mingw32/bin/../lib/gcc/nios2-elf/4.1.2/../../../../nios2-elf/lib/mno-hw-mul\libc.a(lib_a-s_isnand.o)
                0x0080b8b0                __isnand
 .text          0x0080b8e0       0x70 c:/software/altera/10.1/nios2eds/bin/gnu/h-i686-mingw32/bin/../lib/gcc/nios2-elf/4.1.2/../../../../nios2-elf/lib/mno-hw-mul\libc.a(lib_a-sbrkr.o)
                0x0080b8e0                _sbrk_r
 .text          0x0080b950      0x14c c:/software/altera/10.1/nios2eds/bin/gnu/h-i686-mingw32/bin/../lib/gcc/nios2-elf/4.1.2/../../../../nios2-elf/lib/mno-hw-mul\libc.a(lib_a-stdio.o)
                0x0080b950                __sclose
                0x0080b958                __sseek
                0x0080b9c0                __swrite
                0x0080ba3c                __sread
 .text          0x0080ba9c       0x78 c:/software/altera/10.1/nios2eds/bin/gnu/h-i686-mingw32/bin/../lib/gcc/nios2-elf/4.1.2/../../../../nios2-elf/lib/mno-hw-mul\libc.a(lib_a-writer.o)
                0x0080ba9c                _write_r
 .text          0x0080bb14       0xc8 c:/software/altera/10.1/nios2eds/bin/gnu/h-i686-mingw32/bin/../lib/gcc/nios2-elf/4.1.2/../../../../nios2-elf/lib/mno-hw-mul\libc.a(lib_a-callocr.o)
                0x0080bb14                _calloc_r
 .text          0x0080bbdc       0x70 c:/software/altera/10.1/nios2eds/bin/gnu/h-i686-mingw32/bin/../lib/gcc/nios2-elf/4.1.2/../../../../nios2-elf/lib/mno-hw-mul\libc.a(lib_a-closer.o)
                0x0080bbdc                _close_r
 .text          0x0080bc4c      0x124 c:/software/altera/10.1/nios2eds/bin/gnu/h-i686-mingw32/bin/../lib/gcc/nios2-elf/4.1.2/../../../../nios2-elf/lib/mno-hw-mul\libc.a(lib_a-fclose.o)
                0x0080bc4c                _fclose_r
                0x0080bd5c                fclose
 .text          0x0080bd70       0x74 c:/software/altera/10.1/nios2eds/bin/gnu/h-i686-mingw32/bin/../lib/gcc/nios2-elf/4.1.2/../../../../nios2-elf/lib/mno-hw-mul\libc.a(lib_a-fstatr.o)
                0x0080bd70                _fstat_r
 .text          0x0080bde4        0x0 c:/software/altera/10.1/nios2eds/bin/gnu/h-i686-mingw32/bin/../lib/gcc/nios2-elf/4.1.2/../../../../nios2-elf/lib/mno-hw-mul\libc.a(lib_a-int_errno.o)
 .text          0x0080bde4       0x70 c:/software/altera/10.1/nios2eds/bin/gnu/h-i686-mingw32/bin/../lib/gcc/nios2-elf/4.1.2/../../../../nios2-elf/lib/mno-hw-mul\libc.a(lib_a-isattyr.o)
                0x0080bde4                _isatty_r
 .text          0x0080be54       0x78 c:/software/altera/10.1/nios2eds/bin/gnu/h-i686-mingw32/bin/../lib/gcc/nios2-elf/4.1.2/../../../../nios2-elf/lib/mno-hw-mul\libc.a(lib_a-lseekr.o)
                0x0080be54                _lseek_r
 .text          0x0080becc       0x78 c:/software/altera/10.1/nios2eds/bin/gnu/h-i686-mingw32/bin/../lib/gcc/nios2-elf/4.1.2/../../../../nios2-elf/lib/mno-hw-mul\libc.a(lib_a-readr.o)
                0x0080becc                _read_r
 .text          0x0080bf44      0x66c c:/software/altera/10.1/nios2eds/bin/gnu/h-i686-mingw32/bin/../lib/gcc/nios2-elf/4.1.2/mno-hw-mul\libgcc.a(_udivdi3.o)
                0x0080bf44                __udivdi3
 .text          0x0080c5b0      0x660 c:/software/altera/10.1/nios2eds/bin/gnu/h-i686-mingw32/bin/../lib/gcc/nios2-elf/4.1.2/mno-hw-mul\libgcc.a(_umoddi3.o)
                0x0080c5b0                __umoddi3
 .text          0x0080cc10      0x3c4 c:/software/altera/10.1/nios2eds/bin/gnu/h-i686-mingw32/bin/../lib/gcc/nios2-elf/4.1.2/mno-hw-mul\libgcc.a(_mul_df.o)
                0x0080cc10                __muldf3
 .text          0x0080cfd4      0x258 c:/software/altera/10.1/nios2eds/bin/gnu/h-i686-mingw32/bin/../lib/gcc/nios2-elf/4.1.2/mno-hw-mul\libgcc.a(_div_df.o)
                0x0080cfd4                __divdf3
 .text          0x0080d22c       0x88 c:/software/altera/10.1/nios2eds/bin/gnu/h-i686-mingw32/bin/../lib/gcc/nios2-elf/4.1.2/mno-hw-mul\libgcc.a(_eq_df.o)
                0x0080d22c                __eqdf2
 .text          0x0080d2b4       0x88 c:/software/altera/10.1/nios2eds/bin/gnu/h-i686-mingw32/bin/../lib/gcc/nios2-elf/4.1.2/mno-hw-mul\libgcc.a(_ne_df.o)
                0x0080d2b4                __nedf2
 .text          0x0080d33c       0x88 c:/software/altera/10.1/nios2eds/bin/gnu/h-i686-mingw32/bin/../lib/gcc/nios2-elf/4.1.2/mno-hw-mul\libgcc.a(_lt_df.o)
                0x0080d33c                __ltdf2
 .text          0x0080d3c4      0x124 c:/software/altera/10.1/nios2eds/bin/gnu/h-i686-mingw32/bin/../lib/gcc/nios2-elf/4.1.2/mno-hw-mul\libgcc.a(_muldi3.o)
                0x0080d3c4                __muldi3
 .text          0x0080d4e8       0xf4 ../224Lab2230pm_bsp\libhal_bsp.a(alt_close.o)
                0x0080d4e8                close
 .text          0x0080d5dc        0x8 ../224Lab2230pm_bsp\libhal_bsp.a(alt_dev.o)
 .text          0x0080d5e4        0x0 ../224Lab2230pm_bsp\libhal_bsp.a(alt_errno.o)
 .text          0x0080d5e4       0xac ../224Lab2230pm_bsp\libhal_bsp.a(alt_fstat.o)
                0x0080d5e4                fstat
 .text          0x0080d690       0xc0 ../224Lab2230pm_bsp\libhal_bsp.a(alt_irq_register.o)
                0x0080d690                alt_irq_register
 .text          0x0080d750        0x0 ../224Lab2230pm_bsp\libhal_bsp.a(alt_irq_vars.o)
 .text          0x0080d750       0xa4 ../224Lab2230pm_bsp\libhal_bsp.a(alt_isatty.o)
                0x0080d750                isatty
 .text          0x0080d7f4       0xb4 ../224Lab2230pm_bsp\libhal_bsp.a(alt_load.o)
                0x0080d7f4                alt_load
 .text          0x0080d8a8       0xbc ../224Lab2230pm_bsp\libhal_bsp.a(alt_lseek.o)
                0x0080d8a8                lseek
 .text          0x0080d964       0x60 ../224Lab2230pm_bsp\libhal_bsp.a(alt_main.o)
                0x0080d964                alt_main
 .text          0x0080d9c4        0x8 ../224Lab2230pm_bsp\libhal_bsp.a(alt_malloc_lock.o)
                0x0080d9c4                __malloc_lock
                0x0080d9c8                __malloc_unlock
 .text          0x0080d9cc      0x140 ../224Lab2230pm_bsp\libhal_bsp.a(alt_read.o)
                0x0080d9cc                read
 .text          0x0080db0c       0x5c ../224Lab2230pm_bsp\libhal_bsp.a(alt_release_fd.o)
                0x0080db0c                alt_release_fd
 .text          0x0080db68       0x54 ../224Lab2230pm_bsp\libhal_bsp.a(alt_sbrk.o)
                0x0080db68                sbrk
 .text          0x0080dbbc        0x4 ../224Lab2230pm_bsp\libhal_bsp.a(alt_usleep.o)
                0x0080dbbc                usleep
 .text          0x0080dbc0      0x13c ../224Lab2230pm_bsp\libhal_bsp.a(alt_write.o)
                0x0080dbc0                write
 .text          0x0080dcfc       0xa0 ../224Lab2230pm_bsp\libhal_bsp.a(alt_sys_init.o)
                0x0080dcfc                alt_irq_init
                0x0080dd1c                alt_sys_init
 .text          0x0080dd9c       0x3c ../224Lab2230pm_bsp\libhal_bsp.a(altera_avalon_jtag_uart_fd.o)
                0x0080dd9c                altera_avalon_jtag_uart_ioctl_fd
                0x0080dda8                altera_avalon_jtag_uart_close_fd
                0x0080ddb8                altera_avalon_jtag_uart_write_fd
                0x0080ddc8                altera_avalon_jtag_uart_read_fd
 .text          0x0080ddd8      0x228 ../224Lab2230pm_bsp\libhal_bsp.a(altera_avalon_jtag_uart_init.o)
                0x0080ddd8                altera_avalon_jtag_uart_close
                0x0080de78                altera_avalon_jtag_uart_init
 .text          0x0080e000       0x88 ../224Lab2230pm_bsp\libhal_bsp.a(altera_avalon_jtag_uart_ioctl.o)
                0x0080e000                altera_avalon_jtag_uart_ioctl
 .text          0x0080e088      0x16c ../224Lab2230pm_bsp\libhal_bsp.a(altera_avalon_jtag_uart_read.o)
                0x0080e088                altera_avalon_jtag_uart_read
 .text          0x0080e1f4      0x184 ../224Lab2230pm_bsp\libhal_bsp.a(altera_avalon_jtag_uart_write.o)
                0x0080e1f4                altera_avalon_jtag_uart_write
 .text          0x0080e378      0xbac ../224Lab2230pm_bsp\libhal_bsp.a(altera_avalon_lcd_16207.o)
                0x0080e378                altera_avalon_lcd_16207_init
                0x0080e894                altera_avalon_lcd_16207_write
 .text          0x0080ef24       0x10 ../224Lab2230pm_bsp\libhal_bsp.a(altera_avalon_lcd_16207_fd.o)
                0x0080ef24                altera_avalon_lcd_16207_write_fd
 .text          0x0080ef34       0x8c ../224Lab2230pm_bsp\libhal_bsp.a(altera_avalon_timer_sc.o)
                0x0080ef34                alt_avalon_timer_sc_init
 .text          0x0080efc0       0x94 ../224Lab2230pm_bsp\libhal_bsp.a(alt_alarm_start.o)
                0x0080efc0                alt_alarm_start
 .text          0x0080f054       0x94 ../224Lab2230pm_bsp\libhal_bsp.a(alt_busy_sleep.o)
                0x0080f054                alt_busy_sleep
 .text          0x0080f0e8        0x4 ../224Lab2230pm_bsp\libhal_bsp.a(alt_dcache_flush_all.o)
                0x0080f0e8                alt_dcache_flush_all
 .text          0x0080f0ec       0x7c ../224Lab2230pm_bsp\libhal_bsp.a(alt_dev_llist_insert.o)
                0x0080f0ec                alt_dev_llist_insert
 .text          0x0080f168       0x4c ../224Lab2230pm_bsp\libhal_bsp.a(alt_do_ctors.o)
                0x0080f168                _do_ctors
 .text          0x0080f1b4       0x4c ../224Lab2230pm_bsp\libhal_bsp.a(alt_do_dtors.o)
                0x0080f1b4                _do_dtors
 .text          0x0080f200        0xc ../224Lab2230pm_bsp\libhal_bsp.a(alt_icache_flush_all.o)
                0x0080f200                alt_icache_flush_all
 .text          0x0080f20c       0x9c ../224Lab2230pm_bsp\libhal_bsp.a(alt_iic.o)
                0x0080f20c                alt_ic_irq_enabled
                0x0080f224                alt_ic_irq_enable
                0x0080f264                alt_ic_irq_disable
                0x0080f2a4                alt_ic_isr_register
 .text          0x0080f2a8       0x88 ../224Lab2230pm_bsp\libhal_bsp.a(alt_iic_isr_register.o)
                0x0080f2a8                alt_iic_isr_register
 .text          0x0080f330      0x14c ../224Lab2230pm_bsp\libhal_bsp.a(alt_io_redirect.o)
                0x0080f330                alt_io_redirect
 .text          0x0080f47c        0x0 ../224Lab2230pm_bsp\libhal_bsp.a(alt_irq_entry.o)
 .text          0x0080f47c        0x0 ../224Lab2230pm_bsp\libhal_bsp.a(alt_irq_handler.o)
 .text          0x0080f47c      0x18c ../224Lab2230pm_bsp\libhal_bsp.a(alt_open.o)
                0x0080f47c                open
 .text          0x0080f608      0x11c ../224Lab2230pm_bsp\libhal_bsp.a(alt_tick.o)
                0x0080f608                alt_alarm_stop
                0x0080f63c                alt_tick
 .text          0x0080f724        0x8 ../224Lab2230pm_bsp\libhal_bsp.a(altera_nios2_irq.o)
                0x0080f724                altera_nios2_irq_init
 .text          0x0080f72c        0x0 ../224Lab2230pm_bsp\libhal_bsp.a(alt_exception_entry.o)
 .text          0x0080f72c       0x94 ../224Lab2230pm_bsp\libhal_bsp.a(alt_find_dev.o)
                0x0080f72c                alt_find_dev
 .text          0x0080f7c0       0xb0 ../224Lab2230pm_bsp\libhal_bsp.a(alt_find_file.o)
                0x0080f7c0                alt_find_file
 .text          0x0080f870       0x60 ../224Lab2230pm_bsp\libhal_bsp.a(alt_get_fd.o)
                0x0080f870                alt_get_fd
 .text          0x0080f8d0       0x38 ../224Lab2230pm_bsp\libhal_bsp.a(alt_icache_flush.o)
                0x0080f8d0                alt_icache_flush
 .text          0x0080f908       0x14 c:/software/altera/10.1/nios2eds/bin/gnu/h-i686-mingw32/bin/../lib/gcc/nios2-elf/4.1.2/../../../../nios2-elf/lib/mno-hw-mul\libc.a(lib_a-atexit.o)
                0x0080f908                atexit
 .text          0x0080f91c        0x0 c:/software/altera/10.1/nios2eds/bin/gnu/h-i686-mingw32/bin/../lib/gcc/nios2-elf/4.1.2/../../../../nios2-elf/lib/mno-hw-mul\libc.a(lib_a-ctype_.o)
 .text          0x0080f91c       0x38 c:/software/altera/10.1/nios2eds/bin/gnu/h-i686-mingw32/bin/../lib/gcc/nios2-elf/4.1.2/../../../../nios2-elf/lib/mno-hw-mul\libc.a(lib_a-exit.o)
                0x0080f91c                exit
 .text          0x0080f954       0x74 c:/software/altera/10.1/nios2eds/bin/gnu/h-i686-mingw32/bin/../lib/gcc/nios2-elf/4.1.2/../../../../nios2-elf/lib/mno-hw-mul\libc.a(lib_a-memcmp.o)
                0x0080f954                memcmp
 .text          0x0080f9c8      0x134 c:/software/altera/10.1/nios2eds/bin/gnu/h-i686-mingw32/bin/../lib/gcc/nios2-elf/4.1.2/../../../../nios2-elf/lib/mno-hw-mul\libc.a(lib_a-__atexit.o)
                0x0080f9c8                __register_exitproc
 .text          0x0080fafc      0x1b4 c:/software/altera/10.1/nios2eds/bin/gnu/h-i686-mingw32/bin/../lib/gcc/nios2-elf/4.1.2/../../../../nios2-elf/lib/mno-hw-mul\libc.a(lib_a-__call_atexit.o)
                0x0080fb00                __call_exitprocs
 .text          0x0080fcb0       0x14 ../224Lab2230pm_bsp\libhal_bsp.a(alt_exit.o)
                0x0080fcb0                _exit
 *(.gnu.warning.*)
 *(.fini)
                0x0080fcc4                PROVIDE (__etext, ABSOLUTE (.))
                0x0080fcc4                PROVIDE (_etext, ABSOLUTE (.))
                0x0080fcc4                PROVIDE (etext, ABSOLUTE (.))
 *(.eh_frame_hdr)
                0x0080fcc4                . = ALIGN (0x4)
                0x0080fcc4                PROVIDE (__preinit_array_start, ABSOLUTE (.))
 *(.preinit_array)
                0x0080fcc4                PROVIDE (__preinit_array_end, ABSOLUTE (.))
                0x0080fcc4                PROVIDE (__init_array_start, ABSOLUTE (.))
 *(.init_array)
                0x0080fcc4                PROVIDE (__init_array_end, ABSOLUTE (.))
                0x0080fcc4                PROVIDE (__fini_array_start, ABSOLUTE (.))
 *(.fini_array)
                0x0080fcc4                PROVIDE (__fini_array_end, ABSOLUTE (.))
 *(.eh_frame)
 .eh_frame      0x0080fcc4       0x40 c:/software/altera/10.1/nios2eds/bin/gnu/h-i686-mingw32/bin/../lib/gcc/nios2-elf/4.1.2/mno-hw-mul\libgcc.a(_udivdi3.o)
 .eh_frame      0x0080fd04       0x2c c:/software/altera/10.1/nios2eds/bin/gnu/h-i686-mingw32/bin/../lib/gcc/nios2-elf/4.1.2/mno-hw-mul\libgcc.a(_umoddi3.o)
                                 0x40 (size before relaxing)
 *(.gcc_except_table)
 *(.dynamic)
                0x0080fd30                PROVIDE (__CTOR_LIST__, ABSOLUTE (.))
 *(.ctors)
 *(SORT(.ctors.*))
 .ctors.65535   0x0080fd30        0x4 c:/software/altera/10.1/nios2eds/bin/gnu/h-i686-mingw32/bin/../lib/gcc/nios2-elf/4.1.2/../../../../nios2-elf/lib/mno-hw-mul\libc.a(lib_a-__call_atexit.o)
                0x0080fd34                PROVIDE (__CTOR_END__, ABSOLUTE (.))
                0x0080fd34                PROVIDE (__DTOR_LIST__, ABSOLUTE (.))
 *(.dtors)
 *(SORT(.dtors.*))
                0x0080fd34                PROVIDE (__DTOR_END__, ABSOLUTE (.))
 *(.jcr)
                0x0080fd34                . = ALIGN (0x4)

.rodata         0x0080fd34      0x8c4
                0x0080fd34                PROVIDE (__ram_rodata_start, ABSOLUTE (.))
                0x0080fd34                . = ALIGN (0x4)
 *(.rodata .rodata.* .gnu.linkonce.r.*)
 .rodata        0x0080fd34       0x38 obj/LCD.o
 .rodata.str1.4
                0x0080fd6c      0x277 obj/main.o
                                0x278 (size before relaxing)
 *fill*         0x0080ffe3        0x1 00
 .rodata.str1.4
                0x0080ffe4       0x54 obj/wm8731.o
 .rodata        0x00810038       0x14 c:/software/altera/10.1/nios2eds/bin/gnu/h-i686-mingw32/bin/../lib/gcc/nios2-elf/4.1.2/mno-hw-mul\libgcc.a(_thenan_df.o)
                0x00810038                __thenan_df
 .rodata        0x0081004c      0x100 c:/software/altera/10.1/nios2eds/bin/gnu/h-i686-mingw32/bin/../lib/gcc/nios2-elf/4.1.2/mno-hw-mul\libgcc.a(_clz.o)
                0x0081004c                __clz_tab
 .rodata.str1.4
                0x0081014c        0x2 c:/software/altera/10.1/nios2eds/bin/gnu/h-i686-mingw32/bin/../lib/gcc/nios2-elf/4.1.2/../../../../nios2-elf/lib/mno-hw-mul\libc.a(lib_a-puts.o)
                                  0x4 (size before relaxing)
 *fill*         0x0081014e        0x2 00
 .rodata.str1.4
                0x00810150       0x5a c:/software/altera/10.1/nios2eds/bin/gnu/h-i686-mingw32/bin/../lib/gcc/nios2-elf/4.1.2/../../../../nios2-elf/lib/mno-hw-mul\libc.a(lib_a-vfprintf.o)
                                 0x60 (size before relaxing)
 .rodata        0x008101aa       0x20 c:/software/altera/10.1/nios2eds/bin/gnu/h-i686-mingw32/bin/../lib/gcc/nios2-elf/4.1.2/../../../../nios2-elf/lib/mno-hw-mul\libc.a(lib_a-vfprintf.o)
 *fill*         0x008101ca        0x2 00
 .rodata.str1.4
                0x008101cc       0x10 c:/software/altera/10.1/nios2eds/bin/gnu/h-i686-mingw32/bin/../lib/gcc/nios2-elf/4.1.2/../../../../nios2-elf/lib/mno-hw-mul\libc.a(lib_a-dtoa.o)
                                 0x14 (size before relaxing)
 .rodata.str1.4
                0x008101dc        0x2 c:/software/altera/10.1/nios2eds/bin/gnu/h-i686-mingw32/bin/../lib/gcc/nios2-elf/4.1.2/../../../../nios2-elf/lib/mno-hw-mul\libc.a(lib_a-impure.o)
                                  0x4 (size before relaxing)
 *fill*         0x008101de        0x2 00
 .rodata.str1.4
                0x008101e0        0xb c:/software/altera/10.1/nios2eds/bin/gnu/h-i686-mingw32/bin/../lib/gcc/nios2-elf/4.1.2/../../../../nios2-elf/lib/mno-hw-mul\libc.a(lib_a-locale.o)
                                 0x18 (size before relaxing)
 *fill*         0x008101eb        0x1 00
 .rodata        0x008101ec       0x30 c:/software/altera/10.1/nios2eds/bin/gnu/h-i686-mingw32/bin/../lib/gcc/nios2-elf/4.1.2/../../../../nios2-elf/lib/mno-hw-mul\libc.a(lib_a-locale.o)
 .rodata        0x0081021c      0x124 c:/software/altera/10.1/nios2eds/bin/gnu/h-i686-mingw32/bin/../lib/gcc/nios2-elf/4.1.2/../../../../nios2-elf/lib/mno-hw-mul\libc.a(lib_a-mprec.o)
                0x0081021c                __mprec_tens
                0x008102e4                __mprec_bigtens
                0x0081030c                __mprec_tinytens
 .rodata.str1.4
                0x00810340        0xa ../224Lab2230pm_bsp\libhal_bsp.a(alt_dev.o)
                                  0xc (size before relaxing)
 *fill*         0x0081034a        0x2 00
 .rodata.str1.4
                0x0081034c       0x11 ../224Lab2230pm_bsp\libhal_bsp.a(alt_main.o)
                                 0x14 (size before relaxing)
 *fill*         0x0081035d        0x3 00
 .rodata.str1.4
                0x00810360       0x14 ../224Lab2230pm_bsp\libhal_bsp.a(alt_sys_init.o)
                                 0x28 (size before relaxing)
 .rodata        0x00810374      0x281 c:/software/altera/10.1/nios2eds/bin/gnu/h-i686-mingw32/bin/../lib/gcc/nios2-elf/4.1.2/../../../../nios2-elf/lib/mno-hw-mul\libc.a(lib_a-ctype_.o)
                0x00810374                _ctype_
 *(.rodata1)
                0x008105f8                . = ALIGN (0x4)
 *fill*         0x008105f5        0x3 00
                0x008105f8                PROVIDE (__ram_rodata_end, ABSOLUTE (.))
                0x0080fd34                PROVIDE (__flash_rodata_start, LOADADDR (.rodata))

.rwdata         0x008105f8     0x1cbc load address 0x008122b4
                0x008105f8                PROVIDE (__ram_rwdata_start, ABSOLUTE (.))
                0x008105f8                . = ALIGN (0x4)
 *(.got.plt)
 *(.got)
 *(.data1)
 *(.data .data.* .gnu.linkonce.d.*)
 .data          0x008105f8        0x0 ../224Lab2230pm_bsp/obj/HAL/src/crt0.o
 .data          0x008105f8        0x0 obj/LCD.o
 .data          0x008105f8        0x0 obj/Open_I2C.o
 .data          0x008105f8        0x0 obj/main.o
 .data          0x008105f8        0x0 obj/wm8731.o
 .data          0x008105f8        0x0 c:/software/altera/10.1/nios2eds/bin/gnu/h-i686-mingw32/bin/../lib/gcc/nios2-elf/4.1.2/../../../../nios2-elf/lib/mno-hw-mul\libm.a(lib_a-s_ceil.o)
 .data          0x008105f8        0x0 c:/software/altera/10.1/nios2eds/bin/gnu/h-i686-mingw32/bin/../lib/gcc/nios2-elf/4.1.2/../../../../nios2-elf/lib/mno-hw-mul\libm.a(lib_a-s_floor.o)
 .data          0x008105f8        0x0 c:/software/altera/10.1/nios2eds/bin/gnu/h-i686-mingw32/bin/../lib/gcc/nios2-elf/4.1.2/mno-hw-mul\libgcc.a(_fixunsdfsi.o)
 .data          0x008105f8        0x0 c:/software/altera/10.1/nios2eds/bin/gnu/h-i686-mingw32/bin/../lib/gcc/nios2-elf/4.1.2/mno-hw-mul\libgcc.a(_addsub_df.o)
 .data          0x008105f8        0x0 c:/software/altera/10.1/nios2eds/bin/gnu/h-i686-mingw32/bin/../lib/gcc/nios2-elf/4.1.2/mno-hw-mul\libgcc.a(_gt_df.o)
 .data          0x008105f8        0x0 c:/software/altera/10.1/nios2eds/bin/gnu/h-i686-mingw32/bin/../lib/gcc/nios2-elf/4.1.2/mno-hw-mul\libgcc.a(_ge_df.o)
 .data          0x008105f8        0x0 c:/software/altera/10.1/nios2eds/bin/gnu/h-i686-mingw32/bin/../lib/gcc/nios2-elf/4.1.2/mno-hw-mul\libgcc.a(_si_to_df.o)
 .data          0x008105f8        0x0 c:/software/altera/10.1/nios2eds/bin/gnu/h-i686-mingw32/bin/../lib/gcc/nios2-elf/4.1.2/mno-hw-mul\libgcc.a(_df_to_si.o)
 .data          0x008105f8        0x0 c:/software/altera/10.1/nios2eds/bin/gnu/h-i686-mingw32/bin/../lib/gcc/nios2-elf/4.1.2/mno-hw-mul\libgcc.a(_thenan_df.o)
 .data          0x008105f8        0x0 c:/software/altera/10.1/nios2eds/bin/gnu/h-i686-mingw32/bin/../lib/gcc/nios2-elf/4.1.2/mno-hw-mul\libgcc.a(_usi_to_df.o)
 .data          0x008105f8        0x0 c:/software/altera/10.1/nios2eds/bin/gnu/h-i686-mingw32/bin/../lib/gcc/nios2-elf/4.1.2/mno-hw-mul\libgcc.a(lib2-divmod.o)
 .data          0x008105f8      0x100 c:/software/altera/10.1/nios2eds/bin/gnu/h-i686-mingw32/bin/../lib/gcc/nios2-elf/4.1.2/mno-hw-mul\libgcc.a(lib2-divtable.o)
                0x008105f8                __divsi3_table
 .data          0x008106f8        0x0 c:/software/altera/10.1/nios2eds/bin/gnu/h-i686-mingw32/bin/../lib/gcc/nios2-elf/4.1.2/mno-hw-mul\libgcc.a(lib2-mul.o)
 .data          0x008106f8        0x0 c:/software/altera/10.1/nios2eds/bin/gnu/h-i686-mingw32/bin/../lib/gcc/nios2-elf/4.1.2/mno-hw-mul\libgcc.a(_clzsi2.o)
 .data          0x008106f8        0x0 c:/software/altera/10.1/nios2eds/bin/gnu/h-i686-mingw32/bin/../lib/gcc/nios2-elf/4.1.2/mno-hw-mul\libgcc.a(_pack_df.o)
 .data          0x008106f8        0x0 c:/software/altera/10.1/nios2eds/bin/gnu/h-i686-mingw32/bin/../lib/gcc/nios2-elf/4.1.2/mno-hw-mul\libgcc.a(_unpack_df.o)
 .data          0x008106f8        0x0 c:/software/altera/10.1/nios2eds/bin/gnu/h-i686-mingw32/bin/../lib/gcc/nios2-elf/4.1.2/mno-hw-mul\libgcc.a(_fpcmp_parts_df.o)
 .data          0x008106f8        0x0 c:/software/altera/10.1/nios2eds/bin/gnu/h-i686-mingw32/bin/../lib/gcc/nios2-elf/4.1.2/mno-hw-mul\libgcc.a(_clz.o)
 .data          0x008106f8        0x0 c:/software/altera/10.1/nios2eds/bin/gnu/h-i686-mingw32/bin/../lib/gcc/nios2-elf/4.1.2/../../../../nios2-elf/lib/mno-hw-mul\libc.a(lib_a-memset.o)
 .data          0x008106f8        0x0 c:/software/altera/10.1/nios2eds/bin/gnu/h-i686-mingw32/bin/../lib/gcc/nios2-elf/4.1.2/../../../../nios2-elf/lib/mno-hw-mul\libc.a(lib_a-printf.o)
 .data          0x008106f8        0x0 c:/software/altera/10.1/nios2eds/bin/gnu/h-i686-mingw32/bin/../lib/gcc/nios2-elf/4.1.2/../../../../nios2-elf/lib/mno-hw-mul\libc.a(lib_a-puts.o)
 .data          0x008106f8        0x0 c:/software/altera/10.1/nios2eds/bin/gnu/h-i686-mingw32/bin/../lib/gcc/nios2-elf/4.1.2/../../../../nios2-elf/lib/mno-hw-mul\libc.a(lib_a-strcmp.o)
 .data          0x008106f8        0x0 c:/software/altera/10.1/nios2eds/bin/gnu/h-i686-mingw32/bin/../lib/gcc/nios2-elf/4.1.2/../../../../nios2-elf/lib/mno-hw-mul\libc.a(lib_a-strcpy.o)
 .data          0x008106f8        0x0 c:/software/altera/10.1/nios2eds/bin/gnu/h-i686-mingw32/bin/../lib/gcc/nios2-elf/4.1.2/../../../../nios2-elf/lib/mno-hw-mul\libc.a(lib_a-strlen.o)
 .data          0x008106f8        0x0 c:/software/altera/10.1/nios2eds/bin/gnu/h-i686-mingw32/bin/../lib/gcc/nios2-elf/4.1.2/../../../../nios2-elf/lib/mno-hw-mul\libc.a(lib_a-vfprintf.o)
 .data          0x008106f8        0x0 c:/software/altera/10.1/nios2eds/bin/gnu/h-i686-mingw32/bin/../lib/gcc/nios2-elf/4.1.2/../../../../nios2-elf/lib/mno-hw-mul\libc.a(lib_a-wsetup.o)
 .data          0x008106f8        0x0 c:/software/altera/10.1/nios2eds/bin/gnu/h-i686-mingw32/bin/../lib/gcc/nios2-elf/4.1.2/../../../../nios2-elf/lib/mno-hw-mul\libc.a(lib_a-dtoa.o)
 .data          0x008106f8        0x0 c:/software/altera/10.1/nios2eds/bin/gnu/h-i686-mingw32/bin/../lib/gcc/nios2-elf/4.1.2/../../../../nios2-elf/lib/mno-hw-mul\libc.a(lib_a-fflush.o)
 .data          0x008106f8        0x0 c:/software/altera/10.1/nios2eds/bin/gnu/h-i686-mingw32/bin/../lib/gcc/nios2-elf/4.1.2/../../../../nios2-elf/lib/mno-hw-mul\libc.a(lib_a-findfp.o)
 .data          0x008106f8        0x0 c:/software/altera/10.1/nios2eds/bin/gnu/h-i686-mingw32/bin/../lib/gcc/nios2-elf/4.1.2/../../../../nios2-elf/lib/mno-hw-mul\libc.a(lib_a-freer.o)
 .data          0x008106f8        0x0 c:/software/altera/10.1/nios2eds/bin/gnu/h-i686-mingw32/bin/../lib/gcc/nios2-elf/4.1.2/../../../../nios2-elf/lib/mno-hw-mul\libc.a(lib_a-fvwrite.o)
 .data          0x008106f8        0x0 c:/software/altera/10.1/nios2eds/bin/gnu/h-i686-mingw32/bin/../lib/gcc/nios2-elf/4.1.2/../../../../nios2-elf/lib/mno-hw-mul\libc.a(lib_a-fwalk.o)
 .data          0x008106f8      0x400 c:/software/altera/10.1/nios2eds/bin/gnu/h-i686-mingw32/bin/../lib/gcc/nios2-elf/4.1.2/../../../../nios2-elf/lib/mno-hw-mul\libc.a(lib_a-impure.o)
 .data          0x00810af8        0xc c:/software/altera/10.1/nios2eds/bin/gnu/h-i686-mingw32/bin/../lib/gcc/nios2-elf/4.1.2/../../../../nios2-elf/lib/mno-hw-mul\libc.a(lib_a-locale.o)
                0x00810af8                __lc_ctype
 .data          0x00810b04        0x0 c:/software/altera/10.1/nios2eds/bin/gnu/h-i686-mingw32/bin/../lib/gcc/nios2-elf/4.1.2/../../../../nios2-elf/lib/mno-hw-mul\libc.a(lib_a-makebuf.o)
 .data          0x00810b04      0x408 c:/software/altera/10.1/nios2eds/bin/gnu/h-i686-mingw32/bin/../lib/gcc/nios2-elf/4.1.2/../../../../nios2-elf/lib/mno-hw-mul\libc.a(lib_a-mallocr.o)
                0x00810b04                __malloc_av_
 .data          0x00810f0c        0x0 c:/software/altera/10.1/nios2eds/bin/gnu/h-i686-mingw32/bin/../lib/gcc/nios2-elf/4.1.2/../../../../nios2-elf/lib/mno-hw-mul\libc.a(lib_a-memchr.o)
 .data          0x00810f0c        0x0 c:/software/altera/10.1/nios2eds/bin/gnu/h-i686-mingw32/bin/../lib/gcc/nios2-elf/4.1.2/../../../../nios2-elf/lib/mno-hw-mul\libc.a(lib_a-memcpy.o)
 .data          0x00810f0c        0x0 c:/software/altera/10.1/nios2eds/bin/gnu/h-i686-mingw32/bin/../lib/gcc/nios2-elf/4.1.2/../../../../nios2-elf/lib/mno-hw-mul\libc.a(lib_a-memmove.o)
 .data          0x00810f0c        0x0 c:/software/altera/10.1/nios2eds/bin/gnu/h-i686-mingw32/bin/../lib/gcc/nios2-elf/4.1.2/../../../../nios2-elf/lib/mno-hw-mul\libc.a(lib_a-mprec.o)
 .data          0x00810f0c        0x0 c:/software/altera/10.1/nios2eds/bin/gnu/h-i686-mingw32/bin/../lib/gcc/nios2-elf/4.1.2/../../../../nios2-elf/lib/mno-hw-mul\libc.a(lib_a-reallocr.o)
 .data          0x00810f0c        0x0 c:/software/altera/10.1/nios2eds/bin/gnu/h-i686-mingw32/bin/../lib/gcc/nios2-elf/4.1.2/../../../../nios2-elf/lib/mno-hw-mul\libc.a(lib_a-s_isinfd.o)
 .data          0x00810f0c        0x0 c:/software/altera/10.1/nios2eds/bin/gnu/h-i686-mingw32/bin/../lib/gcc/nios2-elf/4.1.2/../../../../nios2-elf/lib/mno-hw-mul\libc.a(lib_a-s_isnand.o)
 .data          0x00810f0c        0x0 c:/software/altera/10.1/nios2eds/bin/gnu/h-i686-mingw32/bin/../lib/gcc/nios2-elf/4.1.2/../../../../nios2-elf/lib/mno-hw-mul\libc.a(lib_a-sbrkr.o)
 .data          0x00810f0c        0x0 c:/software/altera/10.1/nios2eds/bin/gnu/h-i686-mingw32/bin/../lib/gcc/nios2-elf/4.1.2/../../../../nios2-elf/lib/mno-hw-mul\libc.a(lib_a-stdio.o)
 .data          0x00810f0c        0x0 c:/software/altera/10.1/nios2eds/bin/gnu/h-i686-mingw32/bin/../lib/gcc/nios2-elf/4.1.2/../../../../nios2-elf/lib/mno-hw-mul\libc.a(lib_a-writer.o)
 .data          0x00810f0c        0x0 c:/software/altera/10.1/nios2eds/bin/gnu/h-i686-mingw32/bin/../lib/gcc/nios2-elf/4.1.2/../../../../nios2-elf/lib/mno-hw-mul\libc.a(lib_a-callocr.o)
 .data          0x00810f0c        0x0 c:/software/altera/10.1/nios2eds/bin/gnu/h-i686-mingw32/bin/../lib/gcc/nios2-elf/4.1.2/../../../../nios2-elf/lib/mno-hw-mul\libc.a(lib_a-closer.o)
 .data          0x00810f0c        0x0 c:/software/altera/10.1/nios2eds/bin/gnu/h-i686-mingw32/bin/../lib/gcc/nios2-elf/4.1.2/../../../../nios2-elf/lib/mno-hw-mul\libc.a(lib_a-fclose.o)
 .data          0x00810f0c        0x0 c:/software/altera/10.1/nios2eds/bin/gnu/h-i686-mingw32/bin/../lib/gcc/nios2-elf/4.1.2/../../../../nios2-elf/lib/mno-hw-mul\libc.a(lib_a-fstatr.o)
 .data          0x00810f0c        0x0 c:/software/altera/10.1/nios2eds/bin/gnu/h-i686-mingw32/bin/../lib/gcc/nios2-elf/4.1.2/../../../../nios2-elf/lib/mno-hw-mul\libc.a(lib_a-int_errno.o)
 .data          0x00810f0c        0x0 c:/software/altera/10.1/nios2eds/bin/gnu/h-i686-mingw32/bin/../lib/gcc/nios2-elf/4.1.2/../../../../nios2-elf/lib/mno-hw-mul\libc.a(lib_a-isattyr.o)
 .data          0x00810f0c        0x0 c:/software/altera/10.1/nios2eds/bin/gnu/h-i686-mingw32/bin/../lib/gcc/nios2-elf/4.1.2/../../../../nios2-elf/lib/mno-hw-mul\libc.a(lib_a-lseekr.o)
 .data          0x00810f0c        0x0 c:/software/altera/10.1/nios2eds/bin/gnu/h-i686-mingw32/bin/../lib/gcc/nios2-elf/4.1.2/../../../../nios2-elf/lib/mno-hw-mul\libc.a(lib_a-readr.o)
 .data          0x00810f0c        0x0 c:/software/altera/10.1/nios2eds/bin/gnu/h-i686-mingw32/bin/../lib/gcc/nios2-elf/4.1.2/mno-hw-mul\libgcc.a(_udivdi3.o)
 .data          0x00810f0c        0x0 c:/software/altera/10.1/nios2eds/bin/gnu/h-i686-mingw32/bin/../lib/gcc/nios2-elf/4.1.2/mno-hw-mul\libgcc.a(_umoddi3.o)
 .data          0x00810f0c        0x0 c:/software/altera/10.1/nios2eds/bin/gnu/h-i686-mingw32/bin/../lib/gcc/nios2-elf/4.1.2/mno-hw-mul\libgcc.a(_mul_df.o)
 .data          0x00810f0c        0x0 c:/software/altera/10.1/nios2eds/bin/gnu/h-i686-mingw32/bin/../lib/gcc/nios2-elf/4.1.2/mno-hw-mul\libgcc.a(_div_df.o)
 .data          0x00810f0c        0x0 c:/software/altera/10.1/nios2eds/bin/gnu/h-i686-mingw32/bin/../lib/gcc/nios2-elf/4.1.2/mno-hw-mul\libgcc.a(_eq_df.o)
 .data          0x00810f0c        0x0 c:/software/altera/10.1/nios2eds/bin/gnu/h-i686-mingw32/bin/../lib/gcc/nios2-elf/4.1.2/mno-hw-mul\libgcc.a(_ne_df.o)
 .data          0x00810f0c        0x0 c:/software/altera/10.1/nios2eds/bin/gnu/h-i686-mingw32/bin/../lib/gcc/nios2-elf/4.1.2/mno-hw-mul\libgcc.a(_lt_df.o)
 .data          0x00810f0c        0x0 c:/software/altera/10.1/nios2eds/bin/gnu/h-i686-mingw32/bin/../lib/gcc/nios2-elf/4.1.2/mno-hw-mul\libgcc.a(_muldi3.o)
 .data          0x00810f0c        0x0 ../224Lab2230pm_bsp\libhal_bsp.a(alt_close.o)
 .data          0x00810f0c      0x1a8 ../224Lab2230pm_bsp\libhal_bsp.a(alt_dev.o)
                0x00810f0c                alt_dev_null
                0x00810f34                alt_fd_list
 .data          0x008110b4        0x0 ../224Lab2230pm_bsp\libhal_bsp.a(alt_errno.o)
 .data          0x008110b4        0x0 ../224Lab2230pm_bsp\libhal_bsp.a(alt_fstat.o)
 .data          0x008110b4        0x0 ../224Lab2230pm_bsp\libhal_bsp.a(alt_irq_register.o)
 .data          0x008110b4        0x0 ../224Lab2230pm_bsp\libhal_bsp.a(alt_irq_vars.o)
 .data          0x008110b4        0x0 ../224Lab2230pm_bsp\libhal_bsp.a(alt_isatty.o)
 .data          0x008110b4        0x0 ../224Lab2230pm_bsp\libhal_bsp.a(alt_load.o)
 .data          0x008110b4        0x0 ../224Lab2230pm_bsp\libhal_bsp.a(alt_lseek.o)
 .data          0x008110b4        0x0 ../224Lab2230pm_bsp\libhal_bsp.a(alt_main.o)
 .data          0x008110b4        0x0 ../224Lab2230pm_bsp\libhal_bsp.a(alt_malloc_lock.o)
 .data          0x008110b4        0x0 ../224Lab2230pm_bsp\libhal_bsp.a(alt_read.o)
 .data          0x008110b4        0x0 ../224Lab2230pm_bsp\libhal_bsp.a(alt_release_fd.o)
 .data          0x008110b4        0x0 ../224Lab2230pm_bsp\libhal_bsp.a(alt_sbrk.o)
 .data          0x008110b4        0x0 ../224Lab2230pm_bsp\libhal_bsp.a(alt_usleep.o)
 .data          0x008110b4        0x0 ../224Lab2230pm_bsp\libhal_bsp.a(alt_write.o)
 .data          0x008110b4     0x1180 ../224Lab2230pm_bsp\libhal_bsp.a(alt_sys_init.o)
 .data          0x00812234        0x0 ../224Lab2230pm_bsp\libhal_bsp.a(altera_avalon_jtag_uart_fd.o)
 .data          0x00812234        0x0 ../224Lab2230pm_bsp\libhal_bsp.a(altera_avalon_jtag_uart_init.o)
 .data          0x00812234        0x0 ../224Lab2230pm_bsp\libhal_bsp.a(altera_avalon_jtag_uart_ioctl.o)
 .data          0x00812234        0x0 ../224Lab2230pm_bsp\libhal_bsp.a(altera_avalon_jtag_uart_read.o)
 .data          0x00812234        0x0 ../224Lab2230pm_bsp\libhal_bsp.a(altera_avalon_jtag_uart_write.o)
 .data          0x00812234        0x0 ../224Lab2230pm_bsp\libhal_bsp.a(altera_avalon_lcd_16207.o)
 .data          0x00812234        0x0 ../224Lab2230pm_bsp\libhal_bsp.a(altera_avalon_lcd_16207_fd.o)
 .data          0x00812234        0x0 ../224Lab2230pm_bsp\libhal_bsp.a(altera_avalon_timer_sc.o)
 .data          0x00812234        0x0 ../224Lab2230pm_bsp\libhal_bsp.a(alt_alarm_start.o)
 .data          0x00812234        0x0 ../224Lab2230pm_bsp\libhal_bsp.a(alt_busy_sleep.o)
 .data          0x00812234        0x0 ../224Lab2230pm_bsp\libhal_bsp.a(alt_dcache_flush_all.o)
 .data          0x00812234        0x0 ../224Lab2230pm_bsp\libhal_bsp.a(alt_dev_llist_insert.o)
 .data          0x00812234        0x0 ../224Lab2230pm_bsp\libhal_bsp.a(alt_do_ctors.o)
 .data          0x00812234        0x0 ../224Lab2230pm_bsp\libhal_bsp.a(alt_do_dtors.o)
 .data          0x00812234        0x0 ../224Lab2230pm_bsp\libhal_bsp.a(alt_icache_flush_all.o)
 .data          0x00812234        0x0 ../224Lab2230pm_bsp\libhal_bsp.a(alt_iic.o)
 .data          0x00812234        0x0 ../224Lab2230pm_bsp\libhal_bsp.a(alt_iic_isr_register.o)
 .data          0x00812234        0x0 ../224Lab2230pm_bsp\libhal_bsp.a(alt_io_redirect.o)
 .data          0x00812234        0x0 ../224Lab2230pm_bsp\libhal_bsp.a(alt_irq_entry.o)
 .data          0x00812234        0x0 ../224Lab2230pm_bsp\libhal_bsp.a(alt_irq_handler.o)
 .data          0x00812234        0x0 ../224Lab2230pm_bsp\libhal_bsp.a(alt_open.o)
 .data          0x00812234        0x0 ../224Lab2230pm_bsp\libhal_bsp.a(alt_tick.o)
 .data          0x00812234        0x0 ../224Lab2230pm_bsp\libhal_bsp.a(altera_nios2_irq.o)
 .data          0x00812234        0x0 ../224Lab2230pm_bsp\libhal_bsp.a(alt_exception_entry.o)
 .data          0x00812234        0x0 ../224Lab2230pm_bsp\libhal_bsp.a(alt_find_dev.o)
 .data          0x00812234        0x0 ../224Lab2230pm_bsp\libhal_bsp.a(alt_find_file.o)
 .data          0x00812234        0x0 ../224Lab2230pm_bsp\libhal_bsp.a(alt_get_fd.o)
 .data          0x00812234        0x0 ../224Lab2230pm_bsp\libhal_bsp.a(alt_icache_flush.o)
 .data          0x00812234        0x0 c:/software/altera/10.1/nios2eds/bin/gnu/h-i686-mingw32/bin/../lib/gcc/nios2-elf/4.1.2/../../../../nios2-elf/lib/mno-hw-mul\libc.a(lib_a-atexit.o)
 .data          0x00812234        0x0 c:/software/altera/10.1/nios2eds/bin/gnu/h-i686-mingw32/bin/../lib/gcc/nios2-elf/4.1.2/../../../../nios2-elf/lib/mno-hw-mul\libc.a(lib_a-ctype_.o)
 .data          0x00812234        0x0 c:/software/altera/10.1/nios2eds/bin/gnu/h-i686-mingw32/bin/../lib/gcc/nios2-elf/4.1.2/../../../../nios2-elf/lib/mno-hw-mul\libc.a(lib_a-exit.o)
 .data          0x00812234        0x0 c:/software/altera/10.1/nios2eds/bin/gnu/h-i686-mingw32/bin/../lib/gcc/nios2-elf/4.1.2/../../../../nios2-elf/lib/mno-hw-mul\libc.a(lib_a-memcmp.o)
 .data          0x00812234        0x0 c:/software/altera/10.1/nios2eds/bin/gnu/h-i686-mingw32/bin/../lib/gcc/nios2-elf/4.1.2/../../../../nios2-elf/lib/mno-hw-mul\libc.a(lib_a-__atexit.o)
 .data          0x00812234        0x0 c:/software/altera/10.1/nios2eds/bin/gnu/h-i686-mingw32/bin/../lib/gcc/nios2-elf/4.1.2/../../../../nios2-elf/lib/mno-hw-mul\libc.a(lib_a-__call_atexit.o)
 .data          0x00812234        0x0 ../224Lab2230pm_bsp\libhal_bsp.a(alt_exit.o)
                0x0081a234                _gp = ABSOLUTE ((. + 0x8000))
                0x0081a234                PROVIDE (gp, _gp)
 *(.sdata .sdata.* .gnu.linkonce.s.*)
 .sdata         0x00812234       0x37 obj/main.o
                0x00812234                cmd0
                0x00812239                cmd55
                0x0081223e                cmd2
                0x00812243                cmd3
                0x00812248                cmd7
                0x0081224d                cmd9
                0x00812252                cmd16
                0x00812257                cmd17
                0x0081225c                acmd6
                0x00812261                acmd41
                0x00812266                acmd51
 *fill*         0x0081226b        0x1 00
 .sdata         0x0081226c        0x8 c:/software/altera/10.1/nios2eds/bin/gnu/h-i686-mingw32/bin/../lib/gcc/nios2-elf/4.1.2/../../../../nios2-elf/lib/mno-hw-mul\libc.a(lib_a-impure.o)
                0x0081226c                _impure_ptr
                0x00812270                _global_impure_ptr
 .sdata         0x00812274        0x8 c:/software/altera/10.1/nios2eds/bin/gnu/h-i686-mingw32/bin/../lib/gcc/nios2-elf/4.1.2/../../../../nios2-elf/lib/mno-hw-mul\libc.a(lib_a-locale.o)
                0x00812274                __mb_cur_max
 .sdata         0x0081227c        0x8 c:/software/altera/10.1/nios2eds/bin/gnu/h-i686-mingw32/bin/../lib/gcc/nios2-elf/4.1.2/../../../../nios2-elf/lib/mno-hw-mul\libc.a(lib_a-mallocr.o)
                0x0081227c                __malloc_trim_threshold
                0x00812280                __malloc_sbrk_base
 .sdata         0x00812284       0x14 ../224Lab2230pm_bsp\libhal_bsp.a(alt_dev.o)
                0x00812284                alt_fs_list
                0x0081228c                alt_dev_list
                0x00812294                alt_max_fd
 .sdata         0x00812298        0x4 ../224Lab2230pm_bsp\libhal_bsp.a(alt_errno.o)
                0x00812298                alt_errno
 .sdata         0x0081229c        0x4 ../224Lab2230pm_bsp\libhal_bsp.a(alt_irq_vars.o)
                0x0081229c                alt_priority_mask
 .sdata         0x008122a0        0x4 ../224Lab2230pm_bsp\libhal_bsp.a(alt_sbrk.o)
 .sdata         0x008122a4        0x4 ../224Lab2230pm_bsp\libhal_bsp.a(altera_avalon_lcd_16207.o)
 .sdata         0x008122a8        0x8 ../224Lab2230pm_bsp\libhal_bsp.a(alt_tick.o)
                0x008122a8                alt_alarm_list
 .sdata         0x008122b0        0x4 c:/software/altera/10.1/nios2eds/bin/gnu/h-i686-mingw32/bin/../lib/gcc/nios2-elf/4.1.2/../../../../nios2-elf/lib/mno-hw-mul\libc.a(lib_a-ctype_.o)
                0x008122b0                __ctype_ptr
 *(.sdata2 .sdata2.* .gnu.linkonce.s2.*)
                0x008122b4                . = ALIGN (0x4)
                0x008122b4                _edata = ABSOLUTE (.)
                0x008122b4                PROVIDE (edata, ABSOLUTE (.))
                0x008122b4                PROVIDE (__ram_rwdata_end, ABSOLUTE (.))
                0x008122b4                PROVIDE (__flash_rwdata_start, LOADADDR (.rwdata))

.bss            0x00813f70     0x3ad8
                0x00813f70                __bss_start = ABSOLUTE (.)
                0x00813f70                PROVIDE (__sbss_start, ABSOLUTE (.))
                0x00813f70                PROVIDE (___sbss_start, ABSOLUTE (.))
 *(.dynsbss)
 *(.sbss .sbss.* .gnu.linkonce.sb.*)
 .sbss          0x00813f70       0x1c obj/main.o
                0x00813f70                file_count
                0x00813f74                file_number
                0x00813f78                pb_Status
                0x00813f7c                fileNum
                0x00813f80                next_bp
                0x00813f84                previous_bp
                0x00813f88                pb_mode
 .sbss          0x00813f8c       0xd8 obj/main.o
                0x00813f8c                BS_BootSig_32
                0x00813f90                FAT32ClusEntryVal
                0x00813f94                tmp
                0x00813f98                MBR_Bootable
                0x00813f99                BS_FilSysType_16
                0x00813fa1                BPB_SecPerClus
                0x00813fa4                BPB_RootEntCnt
                0x00813fa8                FATOffset
                0x00813fac                BPB_RootClus
                0x00813fb0                BPB_ExtFlags
                0x00813fb4                FirstRootDirSecNum
                0x00813fb8                BS_DrvNum_32
                0x00813fbc                BPB_SecPerTrk
                0x00813fc0                BPB_HiddSec
                0x00813fc4                BS_FilSysType_32
                0x00813fcc                MBR_Partition_Type
                0x00813fcd                BS_JmpBoot
                0x00813fd0                FirstDataSector
                0x00813fd4                BPB_NumFATs
                0x00813fd8                BPB_FATSz16
                0x00813fdc                tmp2
                0x00813fe0                FAT16ClusEntryVal
                0x00813fe4                ThisFATEntOffset
                0x00813fe8                BS_VOLID_16
                0x00813fec                BPB_BytsPerSec
                0x00813ff0                BPB_FATSz32
                0x00813ff4                FATSz
                0x00813ff8                BPB_BkBootSec
                0x00813ffc                FAT12ClusEntryVal
                0x00814000                BS_BootSig_16
                0x00814004                FATClusEntryVal
                0x00814008                BPB_TotSec16
                0x0081400c                cmd_buffer
                0x00814011                read_status
                0x00814012                BS_OEMName
                0x0081401a                FATType
                0x00814020                ThisFATSecNum
                0x00814024                MBR_Partition_Len
                0x00814028                MBR_End_End
                0x0081402c                BPB_TotSec32
                0x00814030                DataSec
                0x00814034                TotSec
                0x00814038                CountofClusters
                0x0081403c                RootDirSectors
                0x00814040                BPB_RsvdSecCnt
                0x00814044                RCA
                0x00814048                BPB_NumHeads
                0x0081404c                BS_VOLID_32
                0x00814050                BS_DrvNum_16
                0x00814054                BPB_FSInfo
                0x00814058                BPB_Media
                0x00814059                MBR_Start_Sector
                0x0081405c                BPB_FSVer
                0x00814060                MBR_BS_Location
 .sbss          0x00814064        0xc c:/software/altera/10.1/nios2eds/bin/gnu/h-i686-mingw32/bin/../lib/gcc/nios2-elf/4.1.2/../../../../nios2-elf/lib/mno-hw-mul\libc.a(lib_a-locale.o)
                0x00814064                __nlocale_changed
                0x00814068                __mlocale_changed
                0x0081406c                _PathLocale
 .sbss          0x00814070        0xc c:/software/altera/10.1/nios2eds/bin/gnu/h-i686-mingw32/bin/../lib/gcc/nios2-elf/4.1.2/../../../../nios2-elf/lib/mno-hw-mul\libc.a(lib_a-mallocr.o)
                0x00814070                __malloc_top_pad
                0x00814074                __malloc_max_sbrked_mem
                0x00814078                __malloc_max_total_mem
 .sbss          0x0081407c        0x4 c:/software/altera/10.1/nios2eds/bin/gnu/h-i686-mingw32/bin/../lib/gcc/nios2-elf/4.1.2/../../../../nios2-elf/lib/mno-hw-mul\libc.a(lib_a-int_errno.o)
                0x0081407c                errno
 .sbss          0x00814080        0x4 ../224Lab2230pm_bsp\libhal_bsp.a(alt_irq_vars.o)
                0x00814080                alt_irq_active
 .sbss          0x00814084        0xc ../224Lab2230pm_bsp\libhal_bsp.a(alt_main.o)
                0x00814084                alt_argc
                0x00814088                alt_argv
                0x0081408c                alt_envp
 .sbss          0x00814090        0x8 ../224Lab2230pm_bsp\libhal_bsp.a(alt_tick.o)
                0x00814090                _alt_tick_rate
                0x00814094                _alt_nticks
 *(.sbss2 .sbss2.* .gnu.linkonce.sb2.*)
 *(.scommon)
                0x00814098                PROVIDE (__sbss_end, ABSOLUTE (.))
                0x00814098                PROVIDE (___sbss_end, ABSOLUTE (.))
 *(.dynbss)
 *(.bss .bss.* .gnu.linkonce.b.*)
 .bss           0x00814098        0x0 ../224Lab2230pm_bsp/obj/HAL/src/crt0.o
 .bss           0x00814098        0x0 obj/LCD.o
 .bss           0x00814098        0x0 obj/Open_I2C.o
 .bss           0x00814098        0x0 obj/main.o
 .bss           0x00814098        0x0 obj/wm8731.o
 .bss           0x00814098        0x0 c:/software/altera/10.1/nios2eds/bin/gnu/h-i686-mingw32/bin/../lib/gcc/nios2-elf/4.1.2/../../../../nios2-elf/lib/mno-hw-mul\libm.a(lib_a-s_ceil.o)
 .bss           0x00814098        0x0 c:/software/altera/10.1/nios2eds/bin/gnu/h-i686-mingw32/bin/../lib/gcc/nios2-elf/4.1.2/../../../../nios2-elf/lib/mno-hw-mul\libm.a(lib_a-s_floor.o)
 .bss           0x00814098        0x0 c:/software/altera/10.1/nios2eds/bin/gnu/h-i686-mingw32/bin/../lib/gcc/nios2-elf/4.1.2/mno-hw-mul\libgcc.a(_fixunsdfsi.o)
 .bss           0x00814098        0x0 c:/software/altera/10.1/nios2eds/bin/gnu/h-i686-mingw32/bin/../lib/gcc/nios2-elf/4.1.2/mno-hw-mul\libgcc.a(_addsub_df.o)
 .bss           0x00814098        0x0 c:/software/altera/10.1/nios2eds/bin/gnu/h-i686-mingw32/bin/../lib/gcc/nios2-elf/4.1.2/mno-hw-mul\libgcc.a(_gt_df.o)
 .bss           0x00814098        0x0 c:/software/altera/10.1/nios2eds/bin/gnu/h-i686-mingw32/bin/../lib/gcc/nios2-elf/4.1.2/mno-hw-mul\libgcc.a(_ge_df.o)
 .bss           0x00814098        0x0 c:/software/altera/10.1/nios2eds/bin/gnu/h-i686-mingw32/bin/../lib/gcc/nios2-elf/4.1.2/mno-hw-mul\libgcc.a(_si_to_df.o)
 .bss           0x00814098        0x0 c:/software/altera/10.1/nios2eds/bin/gnu/h-i686-mingw32/bin/../lib/gcc/nios2-elf/4.1.2/mno-hw-mul\libgcc.a(_df_to_si.o)
 .bss           0x00814098        0x0 c:/software/altera/10.1/nios2eds/bin/gnu/h-i686-mingw32/bin/../lib/gcc/nios2-elf/4.1.2/mno-hw-mul\libgcc.a(_thenan_df.o)
 .bss           0x00814098        0x0 c:/software/altera/10.1/nios2eds/bin/gnu/h-i686-mingw32/bin/../lib/gcc/nios2-elf/4.1.2/mno-hw-mul\libgcc.a(_usi_to_df.o)
 .bss           0x00814098        0x0 c:/software/altera/10.1/nios2eds/bin/gnu/h-i686-mingw32/bin/../lib/gcc/nios2-elf/4.1.2/mno-hw-mul\libgcc.a(lib2-divmod.o)
 .bss           0x00814098        0x0 c:/software/altera/10.1/nios2eds/bin/gnu/h-i686-mingw32/bin/../lib/gcc/nios2-elf/4.1.2/mno-hw-mul\libgcc.a(lib2-divtable.o)
 .bss           0x00814098        0x0 c:/software/altera/10.1/nios2eds/bin/gnu/h-i686-mingw32/bin/../lib/gcc/nios2-elf/4.1.2/mno-hw-mul\libgcc.a(lib2-mul.o)
 .bss           0x00814098        0x0 c:/software/altera/10.1/nios2eds/bin/gnu/h-i686-mingw32/bin/../lib/gcc/nios2-elf/4.1.2/mno-hw-mul\libgcc.a(_clzsi2.o)
 .bss           0x00814098        0x0 c:/software/altera/10.1/nios2eds/bin/gnu/h-i686-mingw32/bin/../lib/gcc/nios2-elf/4.1.2/mno-hw-mul\libgcc.a(_pack_df.o)
 .bss           0x00814098        0x0 c:/software/altera/10.1/nios2eds/bin/gnu/h-i686-mingw32/bin/../lib/gcc/nios2-elf/4.1.2/mno-hw-mul\libgcc.a(_unpack_df.o)
 .bss           0x00814098        0x0 c:/software/altera/10.1/nios2eds/bin/gnu/h-i686-mingw32/bin/../lib/gcc/nios2-elf/4.1.2/mno-hw-mul\libgcc.a(_fpcmp_parts_df.o)
 .bss           0x00814098        0x0 c:/software/altera/10.1/nios2eds/bin/gnu/h-i686-mingw32/bin/../lib/gcc/nios2-elf/4.1.2/mno-hw-mul\libgcc.a(_clz.o)
 .bss           0x00814098        0x0 c:/software/altera/10.1/nios2eds/bin/gnu/h-i686-mingw32/bin/../lib/gcc/nios2-elf/4.1.2/../../../../nios2-elf/lib/mno-hw-mul\libc.a(lib_a-memset.o)
 .bss           0x00814098        0x0 c:/software/altera/10.1/nios2eds/bin/gnu/h-i686-mingw32/bin/../lib/gcc/nios2-elf/4.1.2/../../../../nios2-elf/lib/mno-hw-mul\libc.a(lib_a-printf.o)
 .bss           0x00814098        0x0 c:/software/altera/10.1/nios2eds/bin/gnu/h-i686-mingw32/bin/../lib/gcc/nios2-elf/4.1.2/../../../../nios2-elf/lib/mno-hw-mul\libc.a(lib_a-puts.o)
 .bss           0x00814098        0x0 c:/software/altera/10.1/nios2eds/bin/gnu/h-i686-mingw32/bin/../lib/gcc/nios2-elf/4.1.2/../../../../nios2-elf/lib/mno-hw-mul\libc.a(lib_a-strcmp.o)
 .bss           0x00814098        0x0 c:/software/altera/10.1/nios2eds/bin/gnu/h-i686-mingw32/bin/../lib/gcc/nios2-elf/4.1.2/../../../../nios2-elf/lib/mno-hw-mul\libc.a(lib_a-strcpy.o)
 .bss           0x00814098        0x0 c:/software/altera/10.1/nios2eds/bin/gnu/h-i686-mingw32/bin/../lib/gcc/nios2-elf/4.1.2/../../../../nios2-elf/lib/mno-hw-mul\libc.a(lib_a-strlen.o)
 .bss           0x00814098        0x0 c:/software/altera/10.1/nios2eds/bin/gnu/h-i686-mingw32/bin/../lib/gcc/nios2-elf/4.1.2/../../../../nios2-elf/lib/mno-hw-mul\libc.a(lib_a-vfprintf.o)
 .bss           0x00814098        0x0 c:/software/altera/10.1/nios2eds/bin/gnu/h-i686-mingw32/bin/../lib/gcc/nios2-elf/4.1.2/../../../../nios2-elf/lib/mno-hw-mul\libc.a(lib_a-wsetup.o)
 .bss           0x00814098        0x0 c:/software/altera/10.1/nios2eds/bin/gnu/h-i686-mingw32/bin/../lib/gcc/nios2-elf/4.1.2/../../../../nios2-elf/lib/mno-hw-mul\libc.a(lib_a-dtoa.o)
 .bss           0x00814098        0x0 c:/software/altera/10.1/nios2eds/bin/gnu/h-i686-mingw32/bin/../lib/gcc/nios2-elf/4.1.2/../../../../nios2-elf/lib/mno-hw-mul\libc.a(lib_a-fflush.o)
 .bss           0x00814098        0x0 c:/software/altera/10.1/nios2eds/bin/gnu/h-i686-mingw32/bin/../lib/gcc/nios2-elf/4.1.2/../../../../nios2-elf/lib/mno-hw-mul\libc.a(lib_a-findfp.o)
 .bss           0x00814098        0x0 c:/software/altera/10.1/nios2eds/bin/gnu/h-i686-mingw32/bin/../lib/gcc/nios2-elf/4.1.2/../../../../nios2-elf/lib/mno-hw-mul\libc.a(lib_a-freer.o)
 .bss           0x00814098        0x0 c:/software/altera/10.1/nios2eds/bin/gnu/h-i686-mingw32/bin/../lib/gcc/nios2-elf/4.1.2/../../../../nios2-elf/lib/mno-hw-mul\libc.a(lib_a-fvwrite.o)
 .bss           0x00814098        0x0 c:/software/altera/10.1/nios2eds/bin/gnu/h-i686-mingw32/bin/../lib/gcc/nios2-elf/4.1.2/../../../../nios2-elf/lib/mno-hw-mul\libc.a(lib_a-fwalk.o)
 .bss           0x00814098        0x0 c:/software/altera/10.1/nios2eds/bin/gnu/h-i686-mingw32/bin/../lib/gcc/nios2-elf/4.1.2/../../../../nios2-elf/lib/mno-hw-mul\libc.a(lib_a-impure.o)
 .bss           0x00814098        0x0 c:/software/altera/10.1/nios2eds/bin/gnu/h-i686-mingw32/bin/../lib/gcc/nios2-elf/4.1.2/../../../../nios2-elf/lib/mno-hw-mul\libc.a(lib_a-locale.o)
 .bss           0x00814098        0x0 c:/software/altera/10.1/nios2eds/bin/gnu/h-i686-mingw32/bin/../lib/gcc/nios2-elf/4.1.2/../../../../nios2-elf/lib/mno-hw-mul\libc.a(lib_a-makebuf.o)
 .bss           0x00814098       0x28 c:/software/altera/10.1/nios2eds/bin/gnu/h-i686-mingw32/bin/../lib/gcc/nios2-elf/4.1.2/../../../../nios2-elf/lib/mno-hw-mul\libc.a(lib_a-mallocr.o)
                0x00814098                __malloc_current_mallinfo
 .bss           0x008140c0        0x0 c:/software/altera/10.1/nios2eds/bin/gnu/h-i686-mingw32/bin/../lib/gcc/nios2-elf/4.1.2/../../../../nios2-elf/lib/mno-hw-mul\libc.a(lib_a-memchr.o)
 .bss           0x008140c0        0x0 c:/software/altera/10.1/nios2eds/bin/gnu/h-i686-mingw32/bin/../lib/gcc/nios2-elf/4.1.2/../../../../nios2-elf/lib/mno-hw-mul\libc.a(lib_a-memcpy.o)
 .bss           0x008140c0        0x0 c:/software/altera/10.1/nios2eds/bin/gnu/h-i686-mingw32/bin/../lib/gcc/nios2-elf/4.1.2/../../../../nios2-elf/lib/mno-hw-mul\libc.a(lib_a-memmove.o)
 .bss           0x008140c0        0x0 c:/software/altera/10.1/nios2eds/bin/gnu/h-i686-mingw32/bin/../lib/gcc/nios2-elf/4.1.2/../../../../nios2-elf/lib/mno-hw-mul\libc.a(lib_a-mprec.o)
 .bss           0x008140c0        0x0 c:/software/altera/10.1/nios2eds/bin/gnu/h-i686-mingw32/bin/../lib/gcc/nios2-elf/4.1.2/../../../../nios2-elf/lib/mno-hw-mul\libc.a(lib_a-reallocr.o)
 .bss           0x008140c0        0x0 c:/software/altera/10.1/nios2eds/bin/gnu/h-i686-mingw32/bin/../lib/gcc/nios2-elf/4.1.2/../../../../nios2-elf/lib/mno-hw-mul\libc.a(lib_a-s_isinfd.o)
 .bss           0x008140c0        0x0 c:/software/altera/10.1/nios2eds/bin/gnu/h-i686-mingw32/bin/../lib/gcc/nios2-elf/4.1.2/../../../../nios2-elf/lib/mno-hw-mul\libc.a(lib_a-s_isnand.o)
 .bss           0x008140c0        0x0 c:/software/altera/10.1/nios2eds/bin/gnu/h-i686-mingw32/bin/../lib/gcc/nios2-elf/4.1.2/../../../../nios2-elf/lib/mno-hw-mul\libc.a(lib_a-sbrkr.o)
 .bss           0x008140c0        0x0 c:/software/altera/10.1/nios2eds/bin/gnu/h-i686-mingw32/bin/../lib/gcc/nios2-elf/4.1.2/../../../../nios2-elf/lib/mno-hw-mul\libc.a(lib_a-stdio.o)
 .bss           0x008140c0        0x0 c:/software/altera/10.1/nios2eds/bin/gnu/h-i686-mingw32/bin/../lib/gcc/nios2-elf/4.1.2/../../../../nios2-elf/lib/mno-hw-mul\libc.a(lib_a-writer.o)
 .bss           0x008140c0        0x0 c:/software/altera/10.1/nios2eds/bin/gnu/h-i686-mingw32/bin/../lib/gcc/nios2-elf/4.1.2/../../../../nios2-elf/lib/mno-hw-mul\libc.a(lib_a-callocr.o)
 .bss           0x008140c0        0x0 c:/software/altera/10.1/nios2eds/bin/gnu/h-i686-mingw32/bin/../lib/gcc/nios2-elf/4.1.2/../../../../nios2-elf/lib/mno-hw-mul\libc.a(lib_a-closer.o)
 .bss           0x008140c0        0x0 c:/software/altera/10.1/nios2eds/bin/gnu/h-i686-mingw32/bin/../lib/gcc/nios2-elf/4.1.2/../../../../nios2-elf/lib/mno-hw-mul\libc.a(lib_a-fclose.o)
 .bss           0x008140c0        0x0 c:/software/altera/10.1/nios2eds/bin/gnu/h-i686-mingw32/bin/../lib/gcc/nios2-elf/4.1.2/../../../../nios2-elf/lib/mno-hw-mul\libc.a(lib_a-fstatr.o)
 .bss           0x008140c0        0x0 c:/software/altera/10.1/nios2eds/bin/gnu/h-i686-mingw32/bin/../lib/gcc/nios2-elf/4.1.2/../../../../nios2-elf/lib/mno-hw-mul\libc.a(lib_a-int_errno.o)
 .bss           0x008140c0        0x0 c:/software/altera/10.1/nios2eds/bin/gnu/h-i686-mingw32/bin/../lib/gcc/nios2-elf/4.1.2/../../../../nios2-elf/lib/mno-hw-mul\libc.a(lib_a-isattyr.o)
 .bss           0x008140c0        0x0 c:/software/altera/10.1/nios2eds/bin/gnu/h-i686-mingw32/bin/../lib/gcc/nios2-elf/4.1.2/../../../../nios2-elf/lib/mno-hw-mul\libc.a(lib_a-lseekr.o)
 .bss           0x008140c0        0x0 c:/software/altera/10.1/nios2eds/bin/gnu/h-i686-mingw32/bin/../lib/gcc/nios2-elf/4.1.2/../../../../nios2-elf/lib/mno-hw-mul\libc.a(lib_a-readr.o)
 .bss           0x008140c0        0x0 c:/software/altera/10.1/nios2eds/bin/gnu/h-i686-mingw32/bin/../lib/gcc/nios2-elf/4.1.2/mno-hw-mul\libgcc.a(_udivdi3.o)
 .bss           0x008140c0        0x0 c:/software/altera/10.1/nios2eds/bin/gnu/h-i686-mingw32/bin/../lib/gcc/nios2-elf/4.1.2/mno-hw-mul\libgcc.a(_umoddi3.o)
 .bss           0x008140c0        0x0 c:/software/altera/10.1/nios2eds/bin/gnu/h-i686-mingw32/bin/../lib/gcc/nios2-elf/4.1.2/mno-hw-mul\libgcc.a(_mul_df.o)
 .bss           0x008140c0        0x0 c:/software/altera/10.1/nios2eds/bin/gnu/h-i686-mingw32/bin/../lib/gcc/nios2-elf/4.1.2/mno-hw-mul\libgcc.a(_div_df.o)
 .bss           0x008140c0        0x0 c:/software/altera/10.1/nios2eds/bin/gnu/h-i686-mingw32/bin/../lib/gcc/nios2-elf/4.1.2/mno-hw-mul\libgcc.a(_eq_df.o)
 .bss           0x008140c0        0x0 c:/software/altera/10.1/nios2eds/bin/gnu/h-i686-mingw32/bin/../lib/gcc/nios2-elf/4.1.2/mno-hw-mul\libgcc.a(_ne_df.o)
 .bss           0x008140c0        0x0 c:/software/altera/10.1/nios2eds/bin/gnu/h-i686-mingw32/bin/../lib/gcc/nios2-elf/4.1.2/mno-hw-mul\libgcc.a(_lt_df.o)
 .bss           0x008140c0        0x0 c:/software/altera/10.1/nios2eds/bin/gnu/h-i686-mingw32/bin/../lib/gcc/nios2-elf/4.1.2/mno-hw-mul\libgcc.a(_muldi3.o)
 .bss           0x008140c0        0x0 ../224Lab2230pm_bsp\libhal_bsp.a(alt_close.o)
 .bss           0x008140c0        0x0 ../224Lab2230pm_bsp\libhal_bsp.a(alt_dev.o)
 .bss           0x008140c0        0x0 ../224Lab2230pm_bsp\libhal_bsp.a(alt_errno.o)
 .bss           0x008140c0        0x0 ../224Lab2230pm_bsp\libhal_bsp.a(alt_fstat.o)
 .bss           0x008140c0        0x0 ../224Lab2230pm_bsp\libhal_bsp.a(alt_irq_register.o)
 .bss           0x008140c0        0x0 ../224Lab2230pm_bsp\libhal_bsp.a(alt_irq_vars.o)
 .bss           0x008140c0        0x0 ../224Lab2230pm_bsp\libhal_bsp.a(alt_isatty.o)
 .bss           0x008140c0        0x0 ../224Lab2230pm_bsp\libhal_bsp.a(alt_load.o)
 .bss           0x008140c0        0x0 ../224Lab2230pm_bsp\libhal_bsp.a(alt_lseek.o)
 .bss           0x008140c0        0x0 ../224Lab2230pm_bsp\libhal_bsp.a(alt_main.o)
 .bss           0x008140c0        0x0 ../224Lab2230pm_bsp\libhal_bsp.a(alt_malloc_lock.o)
 .bss           0x008140c0        0x0 ../224Lab2230pm_bsp\libhal_bsp.a(alt_read.o)
 .bss           0x008140c0        0x0 ../224Lab2230pm_bsp\libhal_bsp.a(alt_release_fd.o)
 .bss           0x008140c0        0x0 ../224Lab2230pm_bsp\libhal_bsp.a(alt_sbrk.o)
 .bss           0x008140c0        0x0 ../224Lab2230pm_bsp\libhal_bsp.a(alt_usleep.o)
 .bss           0x008140c0        0x0 ../224Lab2230pm_bsp\libhal_bsp.a(alt_write.o)
 .bss           0x008140c0        0x0 ../224Lab2230pm_bsp\libhal_bsp.a(alt_sys_init.o)
 .bss           0x008140c0        0x0 ../224Lab2230pm_bsp\libhal_bsp.a(altera_avalon_jtag_uart_fd.o)
 .bss           0x008140c0        0x0 ../224Lab2230pm_bsp\libhal_bsp.a(altera_avalon_jtag_uart_init.o)
 .bss           0x008140c0        0x0 ../224Lab2230pm_bsp\libhal_bsp.a(altera_avalon_jtag_uart_ioctl.o)
 .bss           0x008140c0        0x0 ../224Lab2230pm_bsp\libhal_bsp.a(altera_avalon_jtag_uart_read.o)
 .bss           0x008140c0        0x0 ../224Lab2230pm_bsp\libhal_bsp.a(altera_avalon_jtag_uart_write.o)
 .bss           0x008140c0        0x0 ../224Lab2230pm_bsp\libhal_bsp.a(altera_avalon_lcd_16207.o)
 .bss           0x008140c0        0x0 ../224Lab2230pm_bsp\libhal_bsp.a(altera_avalon_lcd_16207_fd.o)
 .bss           0x008140c0        0x0 ../224Lab2230pm_bsp\libhal_bsp.a(altera_avalon_timer_sc.o)
 .bss           0x008140c0        0x0 ../224Lab2230pm_bsp\libhal_bsp.a(alt_alarm_start.o)
 .bss           0x008140c0        0x0 ../224Lab2230pm_bsp\libhal_bsp.a(alt_busy_sleep.o)
 .bss           0x008140c0        0x0 ../224Lab2230pm_bsp\libhal_bsp.a(alt_dcache_flush_all.o)
 .bss           0x008140c0        0x0 ../224Lab2230pm_bsp\libhal_bsp.a(alt_dev_llist_insert.o)
 .bss           0x008140c0        0x0 ../224Lab2230pm_bsp\libhal_bsp.a(alt_do_ctors.o)
 .bss           0x008140c0        0x0 ../224Lab2230pm_bsp\libhal_bsp.a(alt_do_dtors.o)
 .bss           0x008140c0        0x0 ../224Lab2230pm_bsp\libhal_bsp.a(alt_icache_flush_all.o)
 .bss           0x008140c0        0x0 ../224Lab2230pm_bsp\libhal_bsp.a(alt_iic.o)
 .bss           0x008140c0        0x0 ../224Lab2230pm_bsp\libhal_bsp.a(alt_iic_isr_register.o)
 .bss           0x008140c0        0x0 ../224Lab2230pm_bsp\libhal_bsp.a(alt_io_redirect.o)
 .bss           0x008140c0        0x0 ../224Lab2230pm_bsp\libhal_bsp.a(alt_irq_entry.o)
 .bss           0x008140c0        0x0 ../224Lab2230pm_bsp\libhal_bsp.a(alt_irq_handler.o)
 .bss           0x008140c0        0x0 ../224Lab2230pm_bsp\libhal_bsp.a(alt_open.o)
 .bss           0x008140c0        0x0 ../224Lab2230pm_bsp\libhal_bsp.a(alt_tick.o)
 .bss           0x008140c0        0x0 ../224Lab2230pm_bsp\libhal_bsp.a(altera_nios2_irq.o)
 .bss           0x008140c0        0x0 ../224Lab2230pm_bsp\libhal_bsp.a(alt_exception_entry.o)
 .bss           0x008140c0        0x0 ../224Lab2230pm_bsp\libhal_bsp.a(alt_find_dev.o)
 .bss           0x008140c0        0x0 ../224Lab2230pm_bsp\libhal_bsp.a(alt_find_file.o)
 .bss           0x008140c0        0x0 ../224Lab2230pm_bsp\libhal_bsp.a(alt_get_fd.o)
 .bss           0x008140c0        0x0 ../224Lab2230pm_bsp\libhal_bsp.a(alt_icache_flush.o)
 .bss           0x008140c0        0x0 c:/software/altera/10.1/nios2eds/bin/gnu/h-i686-mingw32/bin/../lib/gcc/nios2-elf/4.1.2/../../../../nios2-elf/lib/mno-hw-mul\libc.a(lib_a-atexit.o)
 .bss           0x008140c0        0x0 c:/software/altera/10.1/nios2eds/bin/gnu/h-i686-mingw32/bin/../lib/gcc/nios2-elf/4.1.2/../../../../nios2-elf/lib/mno-hw-mul\libc.a(lib_a-ctype_.o)
 .bss           0x008140c0        0x0 c:/software/altera/10.1/nios2eds/bin/gnu/h-i686-mingw32/bin/../lib/gcc/nios2-elf/4.1.2/../../../../nios2-elf/lib/mno-hw-mul\libc.a(lib_a-exit.o)
 .bss           0x008140c0        0x0 c:/software/altera/10.1/nios2eds/bin/gnu/h-i686-mingw32/bin/../lib/gcc/nios2-elf/4.1.2/../../../../nios2-elf/lib/mno-hw-mul\libc.a(lib_a-memcmp.o)
 .bss           0x008140c0        0x0 c:/software/altera/10.1/nios2eds/bin/gnu/h-i686-mingw32/bin/../lib/gcc/nios2-elf/4.1.2/../../../../nios2-elf/lib/mno-hw-mul\libc.a(lib_a-__atexit.o)
 .bss           0x008140c0        0x0 c:/software/altera/10.1/nios2eds/bin/gnu/h-i686-mingw32/bin/../lib/gcc/nios2-elf/4.1.2/../../../../nios2-elf/lib/mno-hw-mul\libc.a(lib_a-__call_atexit.o)
 .bss           0x008140c0        0x0 ../224Lab2230pm_bsp\libhal_bsp.a(alt_exit.o)
 *(COMMON)
 COMMON         0x008140c0     0x36f7 obj/main.o
                0x008140c0                response_buffer
                0x008140d4                df
                0x008140f0                BS_VOLLab_32
                0x008140fc                chain
                0x008177ac                BS_VOLLab_16
 *fill*         0x008177b7        0x1 00
 COMMON         0x008177b8      0x100 ../224Lab2230pm_bsp\libhal_bsp.a(alt_irq_handler.o)
                0x008177b8                alt_irq
 COMMON         0x008178b8      0x190 c:/software/altera/10.1/nios2eds/bin/gnu/h-i686-mingw32/bin/../lib/gcc/nios2-elf/4.1.2/../../../../nios2-elf/lib/mno-hw-mul\libc.a(lib_a-atexit.o)
                0x008178b8                _atexit0
                0x00817a48                . = ALIGN (0x4)
                0x00817a48                __bss_end = ABSOLUTE (.)

.sdram_0        0x00817a48        0x0
                0x00817a48                PROVIDE (_alt_partition_sdram_0_start, ABSOLUTE (.))
 *(.sdram_0. sdram_0.*)
                0x00817a48                . = ALIGN (0x4)
                0x00817a48                PROVIDE (_alt_partition_sdram_0_end, ABSOLUTE (.))
                0x00817a48                _end = ABSOLUTE (.)
                0x00817a48                end = ABSOLUTE (.)
                0x00817a48                __alt_stack_base = ABSOLUTE (.)
                0x00817a48                PROVIDE (_alt_partition_sdram_0_load_addr, LOADADDR (.sdram_0))

.stab
 *(.stab)

.stabstr
 *(.stabstr)

.stab.excl
 *(.stab.excl)

.stab.exclstr
 *(.stab.exclstr)

.stab.index
 *(.stab.index)

.stab.indexstr
 *(.stab.indexstr)

.comment        0x00000000       0x23
 *(.comment)
 .comment       0x00000000       0x23 obj/LCD.o
                                 0x24 (size before relaxing)
 .comment       0x00000000       0x24 obj/Open_I2C.o
 .comment       0x00000000       0x24 obj/main.o
 .comment       0x00000000       0x24 obj/wm8731.o
 .comment       0x00000000       0x24 c:/software/altera/10.1/nios2eds/bin/gnu/h-i686-mingw32/bin/../lib/gcc/nios2-elf/4.1.2/../../../../nios2-elf/lib/mno-hw-mul\libm.a(lib_a-s_ceil.o)
 .comment       0x00000000       0x24 c:/software/altera/10.1/nios2eds/bin/gnu/h-i686-mingw32/bin/../lib/gcc/nios2-elf/4.1.2/../../../../nios2-elf/lib/mno-hw-mul\libm.a(lib_a-s_floor.o)
 .comment       0x00000000       0x24 c:/software/altera/10.1/nios2eds/bin/gnu/h-i686-mingw32/bin/../lib/gcc/nios2-elf/4.1.2/mno-hw-mul\libgcc.a(_fixunsdfsi.o)
 .comment       0x00000000       0x24 c:/software/altera/10.1/nios2eds/bin/gnu/h-i686-mingw32/bin/../lib/gcc/nios2-elf/4.1.2/mno-hw-mul\libgcc.a(_addsub_df.o)
 .comment       0x00000000       0x24 c:/software/altera/10.1/nios2eds/bin/gnu/h-i686-mingw32/bin/../lib/gcc/nios2-elf/4.1.2/mno-hw-mul\libgcc.a(_gt_df.o)
 .comment       0x00000000       0x24 c:/software/altera/10.1/nios2eds/bin/gnu/h-i686-mingw32/bin/../lib/gcc/nios2-elf/4.1.2/mno-hw-mul\libgcc.a(_ge_df.o)
 .comment       0x00000000       0x24 c:/software/altera/10.1/nios2eds/bin/gnu/h-i686-mingw32/bin/../lib/gcc/nios2-elf/4.1.2/mno-hw-mul\libgcc.a(_si_to_df.o)
 .comment       0x00000000       0x24 c:/software/altera/10.1/nios2eds/bin/gnu/h-i686-mingw32/bin/../lib/gcc/nios2-elf/4.1.2/mno-hw-mul\libgcc.a(_df_to_si.o)
 .comment       0x00000000       0x24 c:/software/altera/10.1/nios2eds/bin/gnu/h-i686-mingw32/bin/../lib/gcc/nios2-elf/4.1.2/mno-hw-mul\libgcc.a(_thenan_df.o)
 .comment       0x00000000       0x24 c:/software/altera/10.1/nios2eds/bin/gnu/h-i686-mingw32/bin/../lib/gcc/nios2-elf/4.1.2/mno-hw-mul\libgcc.a(_usi_to_df.o)
 .comment       0x00000000       0x24 c:/software/altera/10.1/nios2eds/bin/gnu/h-i686-mingw32/bin/../lib/gcc/nios2-elf/4.1.2/mno-hw-mul\libgcc.a(lib2-divmod.o)
 .comment       0x00000000       0x24 c:/software/altera/10.1/nios2eds/bin/gnu/h-i686-mingw32/bin/../lib/gcc/nios2-elf/4.1.2/mno-hw-mul\libgcc.a(lib2-divtable.o)
 .comment       0x00000000       0x24 c:/software/altera/10.1/nios2eds/bin/gnu/h-i686-mingw32/bin/../lib/gcc/nios2-elf/4.1.2/mno-hw-mul\libgcc.a(lib2-mul.o)
 .comment       0x00000000       0x24 c:/software/altera/10.1/nios2eds/bin/gnu/h-i686-mingw32/bin/../lib/gcc/nios2-elf/4.1.2/mno-hw-mul\libgcc.a(_clzsi2.o)
 .comment       0x00000000       0x24 c:/software/altera/10.1/nios2eds/bin/gnu/h-i686-mingw32/bin/../lib/gcc/nios2-elf/4.1.2/mno-hw-mul\libgcc.a(_pack_df.o)
 .comment       0x00000000       0x24 c:/software/altera/10.1/nios2eds/bin/gnu/h-i686-mingw32/bin/../lib/gcc/nios2-elf/4.1.2/mno-hw-mul\libgcc.a(_unpack_df.o)
 .comment       0x00000000       0x24 c:/software/altera/10.1/nios2eds/bin/gnu/h-i686-mingw32/bin/../lib/gcc/nios2-elf/4.1.2/mno-hw-mul\libgcc.a(_fpcmp_parts_df.o)
 .comment       0x00000000       0x24 c:/software/altera/10.1/nios2eds/bin/gnu/h-i686-mingw32/bin/../lib/gcc/nios2-elf/4.1.2/mno-hw-mul\libgcc.a(_clz.o)
 .comment       0x00000000       0x24 c:/software/altera/10.1/nios2eds/bin/gnu/h-i686-mingw32/bin/../lib/gcc/nios2-elf/4.1.2/../../../../nios2-elf/lib/mno-hw-mul\libc.a(lib_a-memset.o)
 .comment       0x00000000       0x24 c:/software/altera/10.1/nios2eds/bin/gnu/h-i686-mingw32/bin/../lib/gcc/nios2-elf/4.1.2/../../../../nios2-elf/lib/mno-hw-mul\libc.a(lib_a-printf.o)
 .comment       0x00000000       0x24 c:/software/altera/10.1/nios2eds/bin/gnu/h-i686-mingw32/bin/../lib/gcc/nios2-elf/4.1.2/../../../../nios2-elf/lib/mno-hw-mul\libc.a(lib_a-puts.o)
 .comment       0x00000000       0x24 c:/software/altera/10.1/nios2eds/bin/gnu/h-i686-mingw32/bin/../lib/gcc/nios2-elf/4.1.2/../../../../nios2-elf/lib/mno-hw-mul\libc.a(lib_a-strcmp.o)
 .comment       0x00000000       0x24 c:/software/altera/10.1/nios2eds/bin/gnu/h-i686-mingw32/bin/../lib/gcc/nios2-elf/4.1.2/../../../../nios2-elf/lib/mno-hw-mul\libc.a(lib_a-strcpy.o)
 .comment       0x00000000       0x24 c:/software/altera/10.1/nios2eds/bin/gnu/h-i686-mingw32/bin/../lib/gcc/nios2-elf/4.1.2/../../../../nios2-elf/lib/mno-hw-mul\libc.a(lib_a-strlen.o)
 .comment       0x00000000       0x24 c:/software/altera/10.1/nios2eds/bin/gnu/h-i686-mingw32/bin/../lib/gcc/nios2-elf/4.1.2/../../../../nios2-elf/lib/mno-hw-mul\libc.a(lib_a-vfprintf.o)
 .comment       0x00000000       0x24 c:/software/altera/10.1/nios2eds/bin/gnu/h-i686-mingw32/bin/../lib/gcc/nios2-elf/4.1.2/../../../../nios2-elf/lib/mno-hw-mul\libc.a(lib_a-wsetup.o)
 .comment       0x00000000       0x24 c:/software/altera/10.1/nios2eds/bin/gnu/h-i686-mingw32/bin/../lib/gcc/nios2-elf/4.1.2/../../../../nios2-elf/lib/mno-hw-mul\libc.a(lib_a-dtoa.o)
 .comment       0x00000000       0x24 c:/software/altera/10.1/nios2eds/bin/gnu/h-i686-mingw32/bin/../lib/gcc/nios2-elf/4.1.2/../../../../nios2-elf/lib/mno-hw-mul\libc.a(lib_a-fflush.o)
 .comment       0x00000000       0x24 c:/software/altera/10.1/nios2eds/bin/gnu/h-i686-mingw32/bin/../lib/gcc/nios2-elf/4.1.2/../../../../nios2-elf/lib/mno-hw-mul\libc.a(lib_a-findfp.o)
 .comment       0x00000000       0x24 c:/software/altera/10.1/nios2eds/bin/gnu/h-i686-mingw32/bin/../lib/gcc/nios2-elf/4.1.2/../../../../nios2-elf/lib/mno-hw-mul\libc.a(lib_a-freer.o)
 .comment       0x00000000       0x24 c:/software/altera/10.1/nios2eds/bin/gnu/h-i686-mingw32/bin/../lib/gcc/nios2-elf/4.1.2/../../../../nios2-elf/lib/mno-hw-mul\libc.a(lib_a-fvwrite.o)
 .comment       0x00000000       0x24 c:/software/altera/10.1/nios2eds/bin/gnu/h-i686-mingw32/bin/../lib/gcc/nios2-elf/4.1.2/../../../../nios2-elf/lib/mno-hw-mul\libc.a(lib_a-fwalk.o)
 .comment       0x00000000       0x24 c:/software/altera/10.1/nios2eds/bin/gnu/h-i686-mingw32/bin/../lib/gcc/nios2-elf/4.1.2/../../../../nios2-elf/lib/mno-hw-mul\libc.a(lib_a-impure.o)
 .comment       0x00000000       0x24 c:/software/altera/10.1/nios2eds/bin/gnu/h-i686-mingw32/bin/../lib/gcc/nios2-elf/4.1.2/../../../../nios2-elf/lib/mno-hw-mul\libc.a(lib_a-locale.o)
 .comment       0x00000000       0x24 c:/software/altera/10.1/nios2eds/bin/gnu/h-i686-mingw32/bin/../lib/gcc/nios2-elf/4.1.2/../../../../nios2-elf/lib/mno-hw-mul\libc.a(lib_a-makebuf.o)
 .comment       0x00000000       0x24 c:/software/altera/10.1/nios2eds/bin/gnu/h-i686-mingw32/bin/../lib/gcc/nios2-elf/4.1.2/../../../../nios2-elf/lib/mno-hw-mul\libc.a(lib_a-mallocr.o)
 .comment       0x00000000       0x24 c:/software/altera/10.1/nios2eds/bin/gnu/h-i686-mingw32/bin/../lib/gcc/nios2-elf/4.1.2/../../../../nios2-elf/lib/mno-hw-mul\libc.a(lib_a-memchr.o)
 .comment       0x00000000       0x24 c:/software/altera/10.1/nios2eds/bin/gnu/h-i686-mingw32/bin/../lib/gcc/nios2-elf/4.1.2/../../../../nios2-elf/lib/mno-hw-mul\libc.a(lib_a-memcpy.o)
 .comment       0x00000000       0x24 c:/software/altera/10.1/nios2eds/bin/gnu/h-i686-mingw32/bin/../lib/gcc/nios2-elf/4.1.2/../../../../nios2-elf/lib/mno-hw-mul\libc.a(lib_a-memmove.o)
 .comment       0x00000000       0x24 c:/software/altera/10.1/nios2eds/bin/gnu/h-i686-mingw32/bin/../lib/gcc/nios2-elf/4.1.2/../../../../nios2-elf/lib/mno-hw-mul\libc.a(lib_a-mprec.o)
 .comment       0x00000000       0x24 c:/software/altera/10.1/nios2eds/bin/gnu/h-i686-mingw32/bin/../lib/gcc/nios2-elf/4.1.2/../../../../nios2-elf/lib/mno-hw-mul\libc.a(lib_a-reallocr.o)
 .comment       0x00000000       0x24 c:/software/altera/10.1/nios2eds/bin/gnu/h-i686-mingw32/bin/../lib/gcc/nios2-elf/4.1.2/../../../../nios2-elf/lib/mno-hw-mul\libc.a(lib_a-s_isinfd.o)
 .comment       0x00000000       0x24 c:/software/altera/10.1/nios2eds/bin/gnu/h-i686-mingw32/bin/../lib/gcc/nios2-elf/4.1.2/../../../../nios2-elf/lib/mno-hw-mul\libc.a(lib_a-s_isnand.o)
 .comment       0x00000000       0x24 c:/software/altera/10.1/nios2eds/bin/gnu/h-i686-mingw32/bin/../lib/gcc/nios2-elf/4.1.2/../../../../nios2-elf/lib/mno-hw-mul\libc.a(lib_a-sbrkr.o)
 .comment       0x00000000       0x24 c:/software/altera/10.1/nios2eds/bin/gnu/h-i686-mingw32/bin/../lib/gcc/nios2-elf/4.1.2/../../../../nios2-elf/lib/mno-hw-mul\libc.a(lib_a-stdio.o)
 .comment       0x00000000       0x24 c:/software/altera/10.1/nios2eds/bin/gnu/h-i686-mingw32/bin/../lib/gcc/nios2-elf/4.1.2/../../../../nios2-elf/lib/mno-hw-mul\libc.a(lib_a-writer.o)
 .comment       0x00000000       0x24 c:/software/altera/10.1/nios2eds/bin/gnu/h-i686-mingw32/bin/../lib/gcc/nios2-elf/4.1.2/../../../../nios2-elf/lib/mno-hw-mul\libc.a(lib_a-callocr.o)
 .comment       0x00000000       0x24 c:/software/altera/10.1/nios2eds/bin/gnu/h-i686-mingw32/bin/../lib/gcc/nios2-elf/4.1.2/../../../../nios2-elf/lib/mno-hw-mul\libc.a(lib_a-closer.o)
 .comment       0x00000000       0x24 c:/software/altera/10.1/nios2eds/bin/gnu/h-i686-mingw32/bin/../lib/gcc/nios2-elf/4.1.2/../../../../nios2-elf/lib/mno-hw-mul\libc.a(lib_a-fclose.o)
 .comment       0x00000000       0x24 c:/software/altera/10.1/nios2eds/bin/gnu/h-i686-mingw32/bin/../lib/gcc/nios2-elf/4.1.2/../../../../nios2-elf/lib/mno-hw-mul\libc.a(lib_a-fstatr.o)
 .comment       0x00000000       0x24 c:/software/altera/10.1/nios2eds/bin/gnu/h-i686-mingw32/bin/../lib/gcc/nios2-elf/4.1.2/../../../../nios2-elf/lib/mno-hw-mul\libc.a(lib_a-int_errno.o)
 .comment       0x00000000       0x24 c:/software/altera/10.1/nios2eds/bin/gnu/h-i686-mingw32/bin/../lib/gcc/nios2-elf/4.1.2/../../../../nios2-elf/lib/mno-hw-mul\libc.a(lib_a-isattyr.o)
 .comment       0x00000000       0x24 c:/software/altera/10.1/nios2eds/bin/gnu/h-i686-mingw32/bin/../lib/gcc/nios2-elf/4.1.2/../../../../nios2-elf/lib/mno-hw-mul\libc.a(lib_a-lseekr.o)
 .comment       0x00000000       0x24 c:/software/altera/10.1/nios2eds/bin/gnu/h-i686-mingw32/bin/../lib/gcc/nios2-elf/4.1.2/../../../../nios2-elf/lib/mno-hw-mul\libc.a(lib_a-readr.o)
 .comment       0x00000000       0x24 c:/software/altera/10.1/nios2eds/bin/gnu/h-i686-mingw32/bin/../lib/gcc/nios2-elf/4.1.2/mno-hw-mul\libgcc.a(_udivdi3.o)
 .comment       0x00000000       0x24 c:/software/altera/10.1/nios2eds/bin/gnu/h-i686-mingw32/bin/../lib/gcc/nios2-elf/4.1.2/mno-hw-mul\libgcc.a(_umoddi3.o)
 .comment       0x00000000       0x24 c:/software/altera/10.1/nios2eds/bin/gnu/h-i686-mingw32/bin/../lib/gcc/nios2-elf/4.1.2/mno-hw-mul\libgcc.a(_mul_df.o)
 .comment       0x00000000       0x24 c:/software/altera/10.1/nios2eds/bin/gnu/h-i686-mingw32/bin/../lib/gcc/nios2-elf/4.1.2/mno-hw-mul\libgcc.a(_div_df.o)
 .comment       0x00000000       0x24 c:/software/altera/10.1/nios2eds/bin/gnu/h-i686-mingw32/bin/../lib/gcc/nios2-elf/4.1.2/mno-hw-mul\libgcc.a(_eq_df.o)
 .comment       0x00000000       0x24 c:/software/altera/10.1/nios2eds/bin/gnu/h-i686-mingw32/bin/../lib/gcc/nios2-elf/4.1.2/mno-hw-mul\libgcc.a(_ne_df.o)
 .comment       0x00000000       0x24 c:/software/altera/10.1/nios2eds/bin/gnu/h-i686-mingw32/bin/../lib/gcc/nios2-elf/4.1.2/mno-hw-mul\libgcc.a(_lt_df.o)
 .comment       0x00000000       0x24 c:/software/altera/10.1/nios2eds/bin/gnu/h-i686-mingw32/bin/../lib/gcc/nios2-elf/4.1.2/mno-hw-mul\libgcc.a(_muldi3.o)
 .comment       0x00000000       0x24 ../224Lab2230pm_bsp\libhal_bsp.a(alt_close.o)
 .comment       0x00000000       0x24 ../224Lab2230pm_bsp\libhal_bsp.a(alt_dev.o)
 .comment       0x00000000       0x24 ../224Lab2230pm_bsp\libhal_bsp.a(alt_errno.o)
 .comment       0x00000000       0x24 ../224Lab2230pm_bsp\libhal_bsp.a(alt_fstat.o)
 .comment       0x00000000       0x24 ../224Lab2230pm_bsp\libhal_bsp.a(alt_irq_register.o)